<?xml version="1.0" encoding="ISO-8859-1" ?>
<link_info>
   <banner>TI ARM Linker PC v18.1.2.LTS</banner>
   <copyright>Copyright (c) 1996-2017 Texas Instruments Incorporated</copyright>
   <link_time>0x5d4db86b</link_time>
   <link_errors>0x0</link_errors>
   <output_file>BQ79606A-Q1_Sample_Code.out</output_file>
   <entry_point>
      <name>_c_int00</name>
      <address>0x8df8</address>
   </entry_point>
   <input_file_list>
      <input_file id="fl-2">
         <path>.\source\</path>
         <kind>object</kind>
         <file>bq79606.obj</file>
         <name>bq79606.obj</name>
      </input_file>
      <input_file id="fl-3">
         <path>.\source\</path>
         <kind>object</kind>
         <file>dabort.obj</file>
         <name>dabort.obj</name>
      </input_file>
      <input_file id="fl-4">
         <path>.\source\</path>
         <kind>object</kind>
         <file>esm.obj</file>
         <name>esm.obj</name>
      </input_file>
      <input_file id="fl-5">
         <path>.\source\</path>
         <kind>object</kind>
         <file>gio.obj</file>
         <name>gio.obj</name>
      </input_file>
      <input_file id="fl-6">
         <path>.\source\</path>
         <kind>object</kind>
         <file>notification.obj</file>
         <name>notification.obj</name>
      </input_file>
      <input_file id="fl-7">
         <path>.\source\</path>
         <kind>object</kind>
         <file>pinmux.obj</file>
         <name>pinmux.obj</name>
      </input_file>
      <input_file id="fl-8">
         <path>.\source\</path>
         <kind>object</kind>
         <file>rti.obj</file>
         <name>rti.obj</name>
      </input_file>
      <input_file id="fl-9">
         <path>.\source\</path>
         <kind>object</kind>
         <file>sci.obj</file>
         <name>sci.obj</name>
      </input_file>
      <input_file id="fl-a">
         <path>.\source\</path>
         <kind>object</kind>
         <file>sys_core.obj</file>
         <name>sys_core.obj</name>
      </input_file>
      <input_file id="fl-b">
         <path>.\source\</path>
         <kind>object</kind>
         <file>sys_intvecs.obj</file>
         <name>sys_intvecs.obj</name>
      </input_file>
      <input_file id="fl-c">
         <path>.\source\</path>
         <kind>object</kind>
         <file>sys_main.obj</file>
         <name>sys_main.obj</name>
      </input_file>
      <input_file id="fl-d">
         <path>.\source\</path>
         <kind>object</kind>
         <file>sys_mpu.obj</file>
         <name>sys_mpu.obj</name>
      </input_file>
      <input_file id="fl-e">
         <path>.\source\</path>
         <kind>object</kind>
         <file>sys_pcr.obj</file>
         <name>sys_pcr.obj</name>
      </input_file>
      <input_file id="fl-f">
         <path>.\source\</path>
         <kind>object</kind>
         <file>sys_phantom.obj</file>
         <name>sys_phantom.obj</name>
      </input_file>
      <input_file id="fl-10">
         <path>.\source\</path>
         <kind>object</kind>
         <file>sys_pmu.obj</file>
         <name>sys_pmu.obj</name>
      </input_file>
      <input_file id="fl-11">
         <path>.\source\</path>
         <kind>object</kind>
         <file>sys_selftest.obj</file>
         <name>sys_selftest.obj</name>
      </input_file>
      <input_file id="fl-12">
         <path>.\source\</path>
         <kind>object</kind>
         <file>sys_startup.obj</file>
         <name>sys_startup.obj</name>
      </input_file>
      <input_file id="fl-13">
         <path>.\source\</path>
         <kind>object</kind>
         <file>sys_vim.obj</file>
         <name>sys_vim.obj</name>
      </input_file>
      <input_file id="fl-14">
         <path>.\source\</path>
         <kind>object</kind>
         <file>system.obj</file>
         <name>system.obj</name>
      </input_file>
      <input_file id="fl-18">
         <kind>object</kind>
         <file>&lt;internal&gt;</file>
         <name>&lt;internal&gt;</name>
      </input_file>
      <input_file id="fl-ce">
         <path>C:\ti\ccsv8\tools\compiler\ti-cgt-arm_18.1.2.LTS\lib\</path>
         <kind>archive</kind>
         <file>rtsv7R4_A_be_eabi.lib</file>
         <name>s_floor.c.obj</name>
      </input_file>
      <input_file id="fl-cf">
         <path>C:\ti\ccsv8\tools\compiler\ti-cgt-arm_18.1.2.LTS\lib\</path>
         <kind>archive</kind>
         <file>rtsv7R4_A_be_eabi.lib</file>
         <name>memset32.asm.obj</name>
      </input_file>
      <input_file id="fl-d0">
         <path>C:\ti\ccsv8\tools\compiler\ti-cgt-arm_18.1.2.LTS\lib\</path>
         <kind>archive</kind>
         <file>rtsv7R4_A_be_eabi.lib</file>
         <name>fd_add32.asm.obj</name>
      </input_file>
      <input_file id="fl-d1">
         <path>C:\ti\ccsv8\tools\compiler\ti-cgt-arm_18.1.2.LTS\lib\</path>
         <kind>archive</kind>
         <file>rtsv7R4_A_be_eabi.lib</file>
         <name>fd_cmp32.asm.obj</name>
      </input_file>
      <input_file id="fl-d2">
         <path>C:\ti\ccsv8\tools\compiler\ti-cgt-arm_18.1.2.LTS\lib\</path>
         <kind>archive</kind>
         <file>rtsv7R4_A_be_eabi.lib</file>
         <name>fd_div32.asm.obj</name>
      </input_file>
      <input_file id="fl-d3">
         <path>C:\ti\ccsv8\tools\compiler\ti-cgt-arm_18.1.2.LTS\lib\</path>
         <kind>archive</kind>
         <file>rtsv7R4_A_be_eabi.lib</file>
         <name>fd_tou32.asm.obj</name>
      </input_file>
      <input_file id="fl-d4">
         <path>C:\ti\ccsv8\tools\compiler\ti-cgt-arm_18.1.2.LTS\lib\</path>
         <kind>archive</kind>
         <file>rtsv7R4_A_be_eabi.lib</file>
         <name>fs_mul32.asm.obj</name>
      </input_file>
      <input_file id="fl-d5">
         <path>C:\ti\ccsv8\tools\compiler\ti-cgt-arm_18.1.2.LTS\lib\</path>
         <kind>archive</kind>
         <file>rtsv7R4_A_be_eabi.lib</file>
         <name>fs_tod32.asm.obj</name>
      </input_file>
      <input_file id="fl-d6">
         <path>C:\ti\ccsv8\tools\compiler\ti-cgt-arm_18.1.2.LTS\lib\</path>
         <kind>archive</kind>
         <file>rtsv7R4_A_be_eabi.lib</file>
         <name>i_tofs32.asm.obj</name>
      </input_file>
      <input_file id="fl-d7">
         <path>C:\ti\ccsv8\tools\compiler\ti-cgt-arm_18.1.2.LTS\lib\</path>
         <kind>archive</kind>
         <file>rtsv7R4_A_be_eabi.lib</file>
         <name>u_tofd32.asm.obj</name>
      </input_file>
      <input_file id="fl-d8">
         <path>C:\ti\ccsv8\tools\compiler\ti-cgt-arm_18.1.2.LTS\lib\</path>
         <kind>archive</kind>
         <file>rtsv7R4_A_be_eabi.lib</file>
         <name>autoinit.c.obj</name>
      </input_file>
      <input_file id="fl-d9">
         <path>C:\ti\ccsv8\tools\compiler\ti-cgt-arm_18.1.2.LTS\lib\</path>
         <kind>archive</kind>
         <file>rtsv7R4_A_be_eabi.lib</file>
         <name>cpy_tbl.c.obj</name>
      </input_file>
      <input_file id="fl-da">
         <path>C:\ti\ccsv8\tools\compiler\ti-cgt-arm_18.1.2.LTS\lib\</path>
         <kind>archive</kind>
         <file>rtsv7R4_A_be_eabi.lib</file>
         <name>copy_zero_init.c.obj</name>
      </input_file>
      <input_file id="fl-db">
         <path>C:\ti\ccsv8\tools\compiler\ti-cgt-arm_18.1.2.LTS\lib\</path>
         <kind>archive</kind>
         <file>rtsv7R4_A_be_eabi.lib</file>
         <name>copy_decompress_none.c.obj</name>
      </input_file>
      <input_file id="fl-dc">
         <path>C:\ti\ccsv8\tools\compiler\ti-cgt-arm_18.1.2.LTS\lib\</path>
         <kind>archive</kind>
         <file>rtsv7R4_A_be_eabi.lib</file>
         <name>copy_decompress_lzss.c.obj</name>
      </input_file>
      <input_file id="fl-dd">
         <path>C:\ti\ccsv8\tools\compiler\ti-cgt-arm_18.1.2.LTS\lib\</path>
         <kind>archive</kind>
         <file>rtsv7R4_A_be_eabi.lib</file>
         <name>exit.c.obj</name>
      </input_file>
      <input_file id="fl-de">
         <path>C:\ti\ccsv8\tools\compiler\ti-cgt-arm_18.1.2.LTS\lib\</path>
         <kind>archive</kind>
         <file>rtsv7R4_A_be_eabi.lib</file>
         <name>_lock.c.obj</name>
      </input_file>
      <input_file id="fl-df">
         <path>C:\ti\ccsv8\tools\compiler\ti-cgt-arm_18.1.2.LTS\lib\</path>
         <kind>archive</kind>
         <file>rtsv7R4_A_be_eabi.lib</file>
         <name>printf.c.obj</name>
      </input_file>
      <input_file id="fl-e0">
         <path>C:\ti\ccsv8\tools\compiler\ti-cgt-arm_18.1.2.LTS\lib\</path>
         <kind>archive</kind>
         <file>rtsv7R4_A_be_eabi.lib</file>
         <name>memcpy32.asm.obj</name>
      </input_file>
      <input_file id="fl-e1">
         <path>C:\ti\ccsv8\tools\compiler\ti-cgt-arm_18.1.2.LTS\lib\</path>
         <kind>archive</kind>
         <file>rtsv7R4_A_be_eabi.lib</file>
         <name>_printfi.c.obj</name>
      </input_file>
      <input_file id="fl-e2">
         <path>C:\ti\ccsv8\tools\compiler\ti-cgt-arm_18.1.2.LTS\lib\</path>
         <kind>archive</kind>
         <file>rtsv7R4_A_be_eabi.lib</file>
         <name>atoi.c.obj</name>
      </input_file>
      <input_file id="fl-e3">
         <path>C:\ti\ccsv8\tools\compiler\ti-cgt-arm_18.1.2.LTS\lib\</path>
         <kind>archive</kind>
         <file>rtsv7R4_A_be_eabi.lib</file>
         <name>ctype.c.obj</name>
      </input_file>
      <input_file id="fl-e4">
         <path>C:\ti\ccsv8\tools\compiler\ti-cgt-arm_18.1.2.LTS\lib\</path>
         <kind>archive</kind>
         <file>rtsv7R4_A_be_eabi.lib</file>
         <name>defs.c.obj</name>
      </input_file>
      <input_file id="fl-e5">
         <path>C:\ti\ccsv8\tools\compiler\ti-cgt-arm_18.1.2.LTS\lib\</path>
         <kind>archive</kind>
         <file>rtsv7R4_A_be_eabi.lib</file>
         <name>fputc.c.obj</name>
      </input_file>
      <input_file id="fl-e6">
         <path>C:\ti\ccsv8\tools\compiler\ti-cgt-arm_18.1.2.LTS\lib\</path>
         <kind>archive</kind>
         <file>rtsv7R4_A_be_eabi.lib</file>
         <name>fputs.c.obj</name>
      </input_file>
      <input_file id="fl-e7">
         <path>C:\ti\ccsv8\tools\compiler\ti-cgt-arm_18.1.2.LTS\lib\</path>
         <kind>archive</kind>
         <file>rtsv7R4_A_be_eabi.lib</file>
         <name>ltoa.c.obj</name>
      </input_file>
      <input_file id="fl-e8">
         <path>C:\ti\ccsv8\tools\compiler\ti-cgt-arm_18.1.2.LTS\lib\</path>
         <kind>archive</kind>
         <file>rtsv7R4_A_be_eabi.lib</file>
         <name>memccpy.c.obj</name>
      </input_file>
      <input_file id="fl-e9">
         <path>C:\ti\ccsv8\tools\compiler\ti-cgt-arm_18.1.2.LTS\lib\</path>
         <kind>archive</kind>
         <file>rtsv7R4_A_be_eabi.lib</file>
         <name>memchr.c.obj</name>
      </input_file>
      <input_file id="fl-ea">
         <path>C:\ti\ccsv8\tools\compiler\ti-cgt-arm_18.1.2.LTS\lib\</path>
         <kind>archive</kind>
         <file>rtsv7R4_A_be_eabi.lib</file>
         <name>strchr.c.obj</name>
      </input_file>
      <input_file id="fl-eb">
         <path>C:\ti\ccsv8\tools\compiler\ti-cgt-arm_18.1.2.LTS\lib\</path>
         <kind>archive</kind>
         <file>rtsv7R4_A_be_eabi.lib</file>
         <name>strlen.c.obj</name>
      </input_file>
      <input_file id="fl-ec">
         <path>C:\ti\ccsv8\tools\compiler\ti-cgt-arm_18.1.2.LTS\lib\</path>
         <kind>archive</kind>
         <file>rtsv7R4_A_be_eabi.lib</file>
         <name>write.c.obj</name>
      </input_file>
      <input_file id="fl-ed">
         <path>C:\ti\ccsv8\tools\compiler\ti-cgt-arm_18.1.2.LTS\lib\</path>
         <kind>archive</kind>
         <file>rtsv7R4_A_be_eabi.lib</file>
         <name>errno.c.obj</name>
      </input_file>
      <input_file id="fl-ee">
         <path>C:\ti\ccsv8\tools\compiler\ti-cgt-arm_18.1.2.LTS\lib\</path>
         <kind>archive</kind>
         <file>rtsv7R4_A_be_eabi.lib</file>
         <name>wcslen.c.obj</name>
      </input_file>
      <input_file id="fl-ef">
         <path>C:\ti\ccsv8\tools\compiler\ti-cgt-arm_18.1.2.LTS\lib\</path>
         <kind>archive</kind>
         <file>rtsv7R4_A_be_eabi.lib</file>
         <name>s_frexp.c.obj</name>
      </input_file>
      <input_file id="fl-f0">
         <path>C:\ti\ccsv8\tools\compiler\ti-cgt-arm_18.1.2.LTS\lib\</path>
         <kind>archive</kind>
         <file>rtsv7R4_A_be_eabi.lib</file>
         <name>s_scalbn.c.obj</name>
      </input_file>
      <input_file id="fl-f1">
         <path>C:\ti\ccsv8\tools\compiler\ti-cgt-arm_18.1.2.LTS\lib\</path>
         <kind>archive</kind>
         <file>rtsv7R4_A_be_eabi.lib</file>
         <name>ull_div32.asm.obj</name>
      </input_file>
      <input_file id="fl-f2">
         <path>C:\ti\ccsv8\tools\compiler\ti-cgt-arm_18.1.2.LTS\lib\</path>
         <kind>archive</kind>
         <file>rtsv7R4_A_be_eabi.lib</file>
         <name>fd_mul32.asm.obj</name>
      </input_file>
      <input_file id="fl-f3">
         <path>C:\ti\ccsv8\tools\compiler\ti-cgt-arm_18.1.2.LTS\lib\</path>
         <kind>archive</kind>
         <file>rtsv7R4_A_be_eabi.lib</file>
         <name>fd_toi32.asm.obj</name>
      </input_file>
      <input_file id="fl-f4">
         <path>C:\ti\ccsv8\tools\compiler\ti-cgt-arm_18.1.2.LTS\lib\</path>
         <kind>archive</kind>
         <file>rtsv7R4_A_be_eabi.lib</file>
         <name>i_tofd32.asm.obj</name>
      </input_file>
      <input_file id="fl-f5">
         <path>C:\ti\ccsv8\tools\compiler\ti-cgt-arm_18.1.2.LTS\lib\</path>
         <kind>archive</kind>
         <file>rtsv7R4_A_be_eabi.lib</file>
         <name>i_div32.asm.obj</name>
      </input_file>
      <input_file id="fl-f6">
         <path>C:\ti\ccsv8\tools\compiler\ti-cgt-arm_18.1.2.LTS\lib\</path>
         <kind>archive</kind>
         <file>rtsv7R4_A_be_eabi.lib</file>
         <name>u_div32.asm.obj</name>
      </input_file>
      <input_file id="fl-f7">
         <path>C:\ti\ccsv8\tools\compiler\ti-cgt-arm_18.1.2.LTS\lib\</path>
         <kind>archive</kind>
         <file>rtsv7R4_A_be_eabi.lib</file>
         <name>_io_perm.c.obj</name>
      </input_file>
      <input_file id="fl-f8">
         <path>C:\ti\ccsv8\tools\compiler\ti-cgt-arm_18.1.2.LTS\lib\</path>
         <kind>archive</kind>
         <file>rtsv7R4_A_be_eabi.lib</file>
         <name>fflush.c.obj</name>
      </input_file>
      <input_file id="fl-f9">
         <path>C:\ti\ccsv8\tools\compiler\ti-cgt-arm_18.1.2.LTS\lib\</path>
         <kind>archive</kind>
         <file>rtsv7R4_A_be_eabi.lib</file>
         <name>fseek.c.obj</name>
      </input_file>
      <input_file id="fl-fa">
         <path>C:\ti\ccsv8\tools\compiler\ti-cgt-arm_18.1.2.LTS\lib\</path>
         <kind>archive</kind>
         <file>rtsv7R4_A_be_eabi.lib</file>
         <name>lseek.c.obj</name>
      </input_file>
      <input_file id="fl-fb">
         <path>C:\ti\ccsv8\tools\compiler\ti-cgt-arm_18.1.2.LTS\lib\</path>
         <kind>archive</kind>
         <file>rtsv7R4_A_be_eabi.lib</file>
         <name>setvbuf.c.obj</name>
      </input_file>
      <input_file id="fl-fc">
         <path>C:\ti\ccsv8\tools\compiler\ti-cgt-arm_18.1.2.LTS\lib\</path>
         <kind>archive</kind>
         <file>rtsv7R4_A_be_eabi.lib</file>
         <name>hostclose.c.obj</name>
      </input_file>
      <input_file id="fl-fd">
         <path>C:\ti\ccsv8\tools\compiler\ti-cgt-arm_18.1.2.LTS\lib\</path>
         <kind>archive</kind>
         <file>rtsv7R4_A_be_eabi.lib</file>
         <name>hostlseek.c.obj</name>
      </input_file>
      <input_file id="fl-fe">
         <path>C:\ti\ccsv8\tools\compiler\ti-cgt-arm_18.1.2.LTS\lib\</path>
         <kind>archive</kind>
         <file>rtsv7R4_A_be_eabi.lib</file>
         <name>hostopen.c.obj</name>
      </input_file>
      <input_file id="fl-ff">
         <path>C:\ti\ccsv8\tools\compiler\ti-cgt-arm_18.1.2.LTS\lib\</path>
         <kind>archive</kind>
         <file>rtsv7R4_A_be_eabi.lib</file>
         <name>hostread.c.obj</name>
      </input_file>
      <input_file id="fl-100">
         <path>C:\ti\ccsv8\tools\compiler\ti-cgt-arm_18.1.2.LTS\lib\</path>
         <kind>archive</kind>
         <file>rtsv7R4_A_be_eabi.lib</file>
         <name>hostrename.c.obj</name>
      </input_file>
      <input_file id="fl-101">
         <path>C:\ti\ccsv8\tools\compiler\ti-cgt-arm_18.1.2.LTS\lib\</path>
         <kind>archive</kind>
         <file>rtsv7R4_A_be_eabi.lib</file>
         <name>hostunlink.c.obj</name>
      </input_file>
      <input_file id="fl-102">
         <path>C:\ti\ccsv8\tools\compiler\ti-cgt-arm_18.1.2.LTS\lib\</path>
         <kind>archive</kind>
         <file>rtsv7R4_A_be_eabi.lib</file>
         <name>hostwrite.c.obj</name>
      </input_file>
      <input_file id="fl-103">
         <path>C:\ti\ccsv8\tools\compiler\ti-cgt-arm_18.1.2.LTS\lib\</path>
         <kind>archive</kind>
         <file>rtsv7R4_A_be_eabi.lib</file>
         <name>trgmsg.c.obj</name>
      </input_file>
      <input_file id="fl-104">
         <path>C:\ti\ccsv8\tools\compiler\ti-cgt-arm_18.1.2.LTS\lib\</path>
         <kind>archive</kind>
         <file>rtsv7R4_A_be_eabi.lib</file>
         <name>s_copysign.c.obj</name>
      </input_file>
      <input_file id="fl-105">
         <path>C:\ti\ccsv8\tools\compiler\ti-cgt-arm_18.1.2.LTS\lib\</path>
         <kind>archive</kind>
         <file>rtsv7R4_A_be_eabi.lib</file>
         <name>div0.asm.obj</name>
      </input_file>
      <input_file id="fl-106">
         <path>C:\ti\ccsv8\tools\compiler\ti-cgt-arm_18.1.2.LTS\lib\</path>
         <kind>archive</kind>
         <file>rtsv7R4_A_be_eabi.lib</file>
         <name>memory.c.obj</name>
      </input_file>
      <input_file id="fl-107">
         <path>C:\ti\ccsv8\tools\compiler\ti-cgt-arm_18.1.2.LTS\lib\</path>
         <kind>archive</kind>
         <file>rtsv7R4_A_be_eabi.lib</file>
         <name>fopen.c.obj</name>
      </input_file>
      <input_file id="fl-108">
         <path>C:\ti\ccsv8\tools\compiler\ti-cgt-arm_18.1.2.LTS\lib\</path>
         <kind>archive</kind>
         <file>rtsv7R4_A_be_eabi.lib</file>
         <name>open.c.obj</name>
      </input_file>
      <input_file id="fl-109">
         <path>C:\ti\ccsv8\tools\compiler\ti-cgt-arm_18.1.2.LTS\lib\</path>
         <kind>archive</kind>
         <file>rtsv7R4_A_be_eabi.lib</file>
         <name>strcpy.c.obj</name>
      </input_file>
      <input_file id="fl-10a">
         <path>C:\ti\ccsv8\tools\compiler\ti-cgt-arm_18.1.2.LTS\lib\</path>
         <kind>archive</kind>
         <file>rtsv7R4_A_be_eabi.lib</file>
         <name>fclose.c.obj</name>
      </input_file>
      <input_file id="fl-10b">
         <path>C:\ti\ccsv8\tools\compiler\ti-cgt-arm_18.1.2.LTS\lib\</path>
         <kind>archive</kind>
         <file>rtsv7R4_A_be_eabi.lib</file>
         <name>getdevice.c.obj</name>
      </input_file>
      <input_file id="fl-10c">
         <path>C:\ti\ccsv8\tools\compiler\ti-cgt-arm_18.1.2.LTS\lib\</path>
         <kind>archive</kind>
         <file>rtsv7R4_A_be_eabi.lib</file>
         <name>remove.c.obj</name>
      </input_file>
      <input_file id="fl-10d">
         <path>C:\ti\ccsv8\tools\compiler\ti-cgt-arm_18.1.2.LTS\lib\</path>
         <kind>archive</kind>
         <file>rtsv7R4_A_be_eabi.lib</file>
         <name>strcmp.c.obj</name>
      </input_file>
      <input_file id="fl-10e">
         <path>C:\ti\ccsv8\tools\compiler\ti-cgt-arm_18.1.2.LTS\lib\</path>
         <kind>archive</kind>
         <file>rtsv7R4_A_be_eabi.lib</file>
         <name>strncpy.c.obj</name>
      </input_file>
      <input_file id="fl-10f">
         <path>C:\ti\ccsv8\tools\compiler\ti-cgt-arm_18.1.2.LTS\lib\</path>
         <kind>archive</kind>
         <file>rtsv7R4_A_be_eabi.lib</file>
         <name>unlink.c.obj</name>
      </input_file>
      <input_file id="fl-110">
         <path>C:\ti\ccsv8\tools\compiler\ti-cgt-arm_18.1.2.LTS\lib\</path>
         <kind>archive</kind>
         <file>rtsv7R4_A_be_eabi.lib</file>
         <name>close.c.obj</name>
      </input_file>
   </input_file_list>
   <object_component_list>
      <object_component id="oc-34">
         <name>.intvecs</name>
         <load_address>0x0</load_address>
         <run_address>0x0</run_address>
         <size>0x20</size>
         <input_file_ref idref="fl-b"/>
      </object_component>
      <object_component id="oc-7c">
         <name>.text</name>
         <load_address>0x20</load_address>
         <run_address>0x20</run_address>
         <size>0x24f0</size>
         <input_file_ref idref="fl-11"/>
      </object_component>
      <object_component id="oc-130">
         <name>.text</name>
         <load_address>0x2510</load_address>
         <run_address>0x2510</run_address>
         <size>0x19a4</size>
         <input_file_ref idref="fl-2"/>
      </object_component>
      <object_component id="oc-23b">
         <name>.text:__TI_printfi</name>
         <load_address>0x3eb4</load_address>
         <run_address>0x3eb4</run_address>
         <size>0xfd4</size>
         <input_file_ref idref="fl-e1"/>
      </object_component>
      <object_component id="oc-76">
         <name>.text</name>
         <load_address>0x4e88</load_address>
         <run_address>0x4e88</run_address>
         <size>0xa64</size>
         <input_file_ref idref="fl-14"/>
      </object_component>
      <object_component id="oc-40">
         <name>.text</name>
         <load_address>0x58ec</load_address>
         <run_address>0x58ec</run_address>
         <size>0x89c</size>
         <input_file_ref idref="fl-13"/>
      </object_component>
      <object_component id="oc-124">
         <name>.text</name>
         <load_address>0x6188</load_address>
         <run_address>0x6188</run_address>
         <size>0x6e4</size>
         <input_file_ref idref="fl-9"/>
      </object_component>
      <object_component id="oc-12a">
         <name>.text</name>
         <load_address>0x686c</load_address>
         <run_address>0x686c</run_address>
         <size>0x62c</size>
         <input_file_ref idref="fl-8"/>
      </object_component>
      <object_component id="oc-82">
         <name>.text</name>
         <load_address>0x6e98</load_address>
         <run_address>0x6e98</run_address>
         <size>0x5bc</size>
         <input_file_ref idref="fl-4"/>
      </object_component>
      <object_component id="oc-2e">
         <name>.text:retain</name>
         <load_address>0x7454</load_address>
         <run_address>0x7454</run_address>
         <size>0x384</size>
         <input_file_ref idref="fl-9"/>
      </object_component>
      <object_component id="oc-11e">
         <name>.text</name>
         <load_address>0x77d8</load_address>
         <run_address>0x77d8</run_address>
         <size>0x36c</size>
         <input_file_ref idref="fl-5"/>
      </object_component>
      <object_component id="oc-2e8">
         <name>.text:_pconv_a</name>
         <load_address>0x7b44</load_address>
         <run_address>0x7b44</run_address>
         <size>0x364</size>
         <input_file_ref idref="fl-e1"/>
      </object_component>
      <object_component id="oc-71">
         <name>.text</name>
         <load_address>0x7ea8</load_address>
         <run_address>0x7ea8</run_address>
         <size>0x2d0</size>
         <input_file_ref idref="fl-a"/>
      </object_component>
      <object_component id="oc-2d6">
         <name>.text:_pconv_g</name>
         <load_address>0x8178</load_address>
         <run_address>0x8178</run_address>
         <size>0x2c0</size>
         <input_file_ref idref="fl-e1"/>
      </object_component>
      <object_component id="oc-355">
         <name>.text</name>
         <load_address>0x8438</load_address>
         <run_address>0x8438</run_address>
         <size>0x2b8</size>
         <input_file_ref idref="fl-f1"/>
      </object_component>
      <object_component id="oc-89">
         <name>.text</name>
         <load_address>0x86f0</load_address>
         <run_address>0x86f0</run_address>
         <size>0x28c</size>
         <input_file_ref idref="fl-c"/>
      </object_component>
      <object_component id="oc-3f">
         <name>.text:retain</name>
         <load_address>0x897c</load_address>
         <run_address>0x897c</run_address>
         <size>0x268</size>
         <input_file_ref idref="fl-13"/>
      </object_component>
      <object_component id="oc-209">
         <name>.text</name>
         <load_address>0x8be4</load_address>
         <run_address>0x8be4</run_address>
         <size>0x214</size>
         <input_file_ref idref="fl-d0"/>
      </object_component>
      <object_component id="oc-19">
         <name>.text:retain</name>
         <load_address>0x8df8</load_address>
         <run_address>0x8df8</run_address>
         <size>0x208</size>
         <input_file_ref idref="fl-12"/>
      </object_component>
      <object_component id="oc-2e2">
         <name>.text:_pconv_e</name>
         <load_address>0x9000</load_address>
         <run_address>0x9000</run_address>
         <size>0x1b0</size>
         <input_file_ref idref="fl-e1"/>
      </object_component>
      <object_component id="oc-383">
         <name>.text:fcvt</name>
         <load_address>0x91b0</load_address>
         <run_address>0x91b0</run_address>
         <size>0x1ac</size>
         <input_file_ref idref="fl-e1"/>
      </object_component>
      <object_component id="oc-31a">
         <name>.text:fputs</name>
         <load_address>0x935c</load_address>
         <run_address>0x935c</run_address>
         <size>0x1a4</size>
         <input_file_ref idref="fl-e6"/>
      </object_component>
      <object_component id="oc-204">
         <name>.text</name>
         <load_address>0x9500</load_address>
         <run_address>0x9500</run_address>
         <size>0x190</size>
         <input_file_ref idref="fl-d2"/>
      </object_component>
      <object_component id="oc-59">
         <name>.text</name>
         <load_address>0x9690</load_address>
         <run_address>0x9690</run_address>
         <size>0x180</size>
         <input_file_ref idref="fl-e0"/>
      </object_component>
      <object_component id="oc-458">
         <name>.text:free</name>
         <load_address>0x9810</load_address>
         <run_address>0x9810</run_address>
         <size>0x16c</size>
         <input_file_ref idref="fl-106"/>
      </object_component>
      <object_component id="oc-20e">
         <name>.text:floor</name>
         <load_address>0x997c</load_address>
         <run_address>0x997c</run_address>
         <size>0x158</size>
         <input_file_ref idref="fl-ce"/>
      </object_component>
      <object_component id="oc-429">
         <name>.text:setvbuf</name>
         <load_address>0x9ad4</load_address>
         <run_address>0x9ad4</run_address>
         <size>0x158</size>
         <input_file_ref idref="fl-fb"/>
      </object_component>
      <object_component id="oc-d8">
         <name>.text</name>
         <load_address>0x9c2c</load_address>
         <run_address>0x9c2c</run_address>
         <size>0x150</size>
         <input_file_ref idref="fl-7"/>
      </object_component>
      <object_component id="oc-361">
         <name>.text</name>
         <load_address>0x9d7c</load_address>
         <run_address>0x9d7c</run_address>
         <size>0x128</size>
         <input_file_ref idref="fl-f2"/>
      </object_component>
      <object_component id="oc-397">
         <name>.text:scalbn</name>
         <load_address>0x9ea4</load_address>
         <run_address>0x9ea4</run_address>
         <size>0x120</size>
         <input_file_ref idref="fl-f0"/>
      </object_component>
      <object_component id="oc-2cb">
         <name>.text:_ltostr</name>
         <load_address>0x9fc4</load_address>
         <run_address>0x9fc4</run_address>
         <size>0x115</size>
         <input_file_ref idref="fl-e1"/>
      </object_component>
      <object_component id="oc-321">
         <name>.text:fputc</name>
         <load_address>0xa0dc</load_address>
         <run_address>0xa0dc</run_address>
         <size>0x100</size>
         <input_file_ref idref="fl-e5"/>
      </object_component>
      <object_component id="oc-1f">
         <name>.text:retain</name>
         <load_address>0xa1dc</load_address>
         <run_address>0xa1dc</run_address>
         <size>0xec</size>
         <input_file_ref idref="fl-4"/>
      </object_component>
      <object_component id="oc-a5">
         <name>.text</name>
         <load_address>0xa2c8</load_address>
         <run_address>0xa2c8</run_address>
         <size>0xe8</size>
         <input_file_ref idref="fl-3"/>
      </object_component>
      <object_component id="oc-2d1">
         <name>.text:__aeabi_cdcmple</name>
         <load_address>0xa3b0</load_address>
         <run_address>0xa3b0</run_address>
         <size>0xe0</size>
         <input_file_ref idref="fl-d1"/>
      </object_component>
      <object_component id="oc-2aa">
         <name>.text:__aeabi_cdrcmple</name>
         <load_address>0xa490</load_address>
         <run_address>0xa490</run_address>
         <size>0xe0</size>
         <input_file_ref idref="fl-d1"/>
      </object_component>
      <object_component id="oc-e0">
         <name>.text</name>
         <load_address>0xa570</load_address>
         <run_address>0xa570</run_address>
         <size>0xe0</size>
         <input_file_ref idref="fl-10"/>
      </object_component>
      <object_component id="oc-45e">
         <name>.text:malloc</name>
         <load_address>0xa650</load_address>
         <run_address>0xa650</run_address>
         <size>0xd0</size>
         <input_file_ref idref="fl-106"/>
      </object_component>
      <object_component id="oc-37c">
         <name>.text:_mcpy</name>
         <load_address>0xa720</load_address>
         <run_address>0xa720</run_address>
         <size>0xc8</size>
         <input_file_ref idref="fl-e1"/>
      </object_component>
      <object_component id="oc-91">
         <name>.text</name>
         <load_address>0xa7e8</load_address>
         <run_address>0xa7e8</run_address>
         <size>0xc0</size>
         <input_file_ref idref="fl-6"/>
      </object_component>
      <object_component id="oc-4a3">
         <name>.text:__TI_closefile</name>
         <load_address>0xa8a8</load_address>
         <run_address>0xa8a8</run_address>
         <size>0xb8</size>
         <input_file_ref idref="fl-10a"/>
      </object_component>
      <object_component id="oc-d1">
         <name>.text</name>
         <load_address>0xa960</load_address>
         <run_address>0xa960</run_address>
         <size>0xb0</size>
         <input_file_ref idref="fl-cf"/>
      </object_component>
      <object_component id="oc-4c7">
         <name>.text:HOSTlseek</name>
         <load_address>0xaa10</load_address>
         <run_address>0xaa10</run_address>
         <size>0xac</size>
         <input_file_ref idref="fl-fd"/>
      </object_component>
      <object_component id="oc-423">
         <name>.text:fseek</name>
         <load_address>0xaabc</load_address>
         <run_address>0xaabc</run_address>
         <size>0xa8</size>
         <input_file_ref idref="fl-f9"/>
      </object_component>
      <object_component id="oc-226">
         <name>.text</name>
         <load_address>0xab64</load_address>
         <run_address>0xab64</run_address>
         <size>0xa8</size>
         <input_file_ref idref="fl-d4"/>
      </object_component>
      <object_component id="oc-4d3">
         <name>.text:HOSTrename</name>
         <load_address>0xac0c</load_address>
         <run_address>0xac0c</run_address>
         <size>0xa4</size>
         <input_file_ref idref="fl-100"/>
      </object_component>
      <object_component id="oc-3c8">
         <name>.text:__TI_wrt_ok</name>
         <load_address>0xacb0</load_address>
         <run_address>0xacb0</run_address>
         <size>0xa0</size>
         <input_file_ref idref="fl-f7"/>
      </object_component>
      <object_component id="oc-136">
         <name>.text:printf</name>
         <load_address>0xad50</load_address>
         <run_address>0xad50</run_address>
         <size>0x9c</size>
         <input_file_ref idref="fl-df"/>
      </object_component>
      <object_component id="oc-4af">
         <name>.text:HOSTopen</name>
         <load_address>0xadec</load_address>
         <run_address>0xadec</run_address>
         <size>0x98</size>
         <input_file_ref idref="fl-fe"/>
      </object_component>
      <object_component id="oc-376">
         <name>.text:_ecpy</name>
         <load_address>0xae84</load_address>
         <run_address>0xae84</run_address>
         <size>0x98</size>
         <input_file_ref idref="fl-e1"/>
      </object_component>
      <object_component id="oc-4e2">
         <name>.text:close</name>
         <load_address>0xaf1c</load_address>
         <run_address>0xaf1c</run_address>
         <size>0x98</size>
         <input_file_ref idref="fl-110"/>
      </object_component>
      <object_component id="oc-4bb">
         <name>.text:HOSTread</name>
         <load_address>0xafb4</load_address>
         <run_address>0xafb4</run_address>
         <size>0x90</size>
         <input_file_ref idref="fl-ff"/>
      </object_component>
      <object_component id="oc-4c1">
         <name>.text:HOSTwrite</name>
         <load_address>0xb044</load_address>
         <run_address>0xb044</run_address>
         <size>0x90</size>
         <input_file_ref idref="fl-102"/>
      </object_component>
      <object_component id="oc-c">
         <name>.text:decompress:lzss:__TI_decompress_lzss</name>
         <load_address>0xb0d4</load_address>
         <run_address>0xb0d4</run_address>
         <size>0x90</size>
         <input_file_ref idref="fl-dc"/>
      </object_component>
      <object_component id="oc-3d4">
         <name>.text:__TI_doflush</name>
         <load_address>0xb164</load_address>
         <run_address>0xb164</run_address>
         <size>0x84</size>
         <input_file_ref idref="fl-f8"/>
      </object_component>
      <object_component id="oc-2dc">
         <name>.text:_pconv_f</name>
         <load_address>0xb1e8</load_address>
         <run_address>0xb1e8</run_address>
         <size>0x84</size>
         <input_file_ref idref="fl-e1"/>
      </object_component>
      <object_component id="oc-2c5">
         <name>.text:atoi</name>
         <load_address>0xb26c</load_address>
         <run_address>0xb26c</run_address>
         <size>0x84</size>
         <input_file_ref idref="fl-e2"/>
      </object_component>
      <object_component id="oc-36b">
         <name>.text:ltoa</name>
         <load_address>0xb2f0</load_address>
         <run_address>0xb2f0</run_address>
         <size>0x80</size>
         <input_file_ref idref="fl-e7"/>
      </object_component>
      <object_component id="oc-14e">
         <name>.text:exit</name>
         <load_address>0xb370</load_address>
         <run_address>0xb370</run_address>
         <size>0x7c</size>
         <input_file_ref idref="fl-dd"/>
      </object_component>
      <object_component id="oc-391">
         <name>.text:frexp</name>
         <load_address>0xb3ec</load_address>
         <run_address>0xb3ec</run_address>
         <size>0x7c</size>
         <input_file_ref idref="fl-ef"/>
      </object_component>
      <object_component id="oc-4b5">
         <name>.text:HOSTclose</name>
         <load_address>0xb468</load_address>
         <run_address>0xb468</run_address>
         <size>0x74</size>
         <input_file_ref idref="fl-fc"/>
      </object_component>
      <object_component id="oc-4cd">
         <name>.text:HOSTunlink</name>
         <load_address>0xb4dc</load_address>
         <run_address>0xb4dc</run_address>
         <size>0x70</size>
         <input_file_ref idref="fl-101"/>
      </object_component>
      <object_component id="oc-517">
         <name>.text:getdevice</name>
         <load_address>0xb54c</load_address>
         <run_address>0xb54c</run_address>
         <size>0x6c</size>
         <input_file_ref idref="fl-10b"/>
      </object_component>
      <object_component id="oc-498">
         <name>.text:minsert</name>
         <load_address>0xb5b8</load_address>
         <run_address>0xb5b8</run_address>
         <size>0x6c</size>
         <input_file_ref idref="fl-106"/>
      </object_component>
      <object_component id="oc-ee">
         <name>.text:__TI_auto_init_nobinit_nopinit:__TI_auto_init_nobinit_nopinit</name>
         <load_address>0xb624</load_address>
         <run_address>0xb624</run_address>
         <size>0x68</size>
         <input_file_ref idref="fl-d8"/>
      </object_component>
      <object_component id="oc-389">
         <name>.text:_fcpy</name>
         <load_address>0xb68c</load_address>
         <run_address>0xb68c</run_address>
         <size>0x64</size>
         <input_file_ref idref="fl-e1"/>
      </object_component>
      <object_component id="oc-48c">
         <name>.text:minit</name>
         <load_address>0xb6f0</load_address>
         <run_address>0xb6f0</run_address>
         <size>0x5c</size>
         <input_file_ref idref="fl-106"/>
      </object_component>
      <object_component id="oc-366">
         <name>.text</name>
         <load_address>0xb74c</load_address>
         <run_address>0xb74c</run_address>
         <size>0x5c</size>
         <input_file_ref idref="fl-f3"/>
      </object_component>
      <object_component id="oc-13c">
         <name>.text</name>
         <load_address>0xb7a8</load_address>
         <run_address>0xb7a8</run_address>
         <size>0x5c</size>
         <input_file_ref idref="fl-d5"/>
      </object_component>
      <object_component id="oc-214">
         <name>.text</name>
         <load_address>0xb804</load_address>
         <run_address>0xb804</run_address>
         <size>0x58</size>
         <input_file_ref idref="fl-d3"/>
      </object_component>
      <object_component id="oc-464">
         <name>.text:__TI_cleanup</name>
         <load_address>0xb85c</load_address>
         <run_address>0xb85c</run_address>
         <size>0x54</size>
         <input_file_ref idref="fl-107"/>
      </object_component>
      <object_component id="oc-4f9">
         <name>.text:__TI_readmsg</name>
         <load_address>0xb8b0</load_address>
         <run_address>0xb8b0</run_address>
         <size>0x54</size>
         <input_file_ref idref="fl-103"/>
      </object_component>
      <object_component id="oc-4f3">
         <name>.text:__TI_writemsg</name>
         <load_address>0xb904</load_address>
         <run_address>0xb904</run_address>
         <size>0x54</size>
         <input_file_ref idref="fl-103"/>
      </object_component>
      <object_component id="oc-53f">
         <name>.text:finddevice</name>
         <load_address>0xb958</load_address>
         <run_address>0xb958</run_address>
         <size>0x54</size>
         <input_file_ref idref="fl-10b"/>
      </object_component>
      <object_component id="oc-3f4">
         <name>.text</name>
         <load_address>0xb9ac</load_address>
         <run_address>0xb9ac</run_address>
         <size>0x54</size>
         <input_file_ref idref="fl-f5"/>
      </object_component>
      <object_component id="oc-35a">
         <name>.text</name>
         <load_address>0xba00</load_address>
         <run_address>0xba00</run_address>
         <size>0x50</size>
         <input_file_ref idref="fl-f6"/>
      </object_component>
      <object_component id="oc-221">
         <name>.text</name>
         <load_address>0xba50</load_address>
         <run_address>0xba50</run_address>
         <size>0x4c</size>
         <input_file_ref idref="fl-d6"/>
      </object_component>
      <object_component id="oc-492">
         <name>.text:mremove</name>
         <load_address>0xba9c</load_address>
         <run_address>0xba9c</run_address>
         <size>0x48</size>
         <input_file_ref idref="fl-106"/>
      </object_component>
      <object_component id="oc-539">
         <name>.text:strncpy</name>
         <load_address>0xbae4</load_address>
         <run_address>0xbae4</run_address>
         <size>0x48</size>
         <input_file_ref idref="fl-10e"/>
      </object_component>
      <object_component id="oc-4e8">
         <name>.text:unlink</name>
         <load_address>0xbb2c</load_address>
         <run_address>0xbb2c</run_address>
         <size>0x48</size>
         <input_file_ref idref="fl-10f"/>
      </object_component>
      <object_component id="oc-450">
         <name>.text:lseek</name>
         <load_address>0xbb74</load_address>
         <run_address>0xbb74</run_address>
         <size>0x44</size>
         <input_file_ref idref="fl-fa"/>
      </object_component>
      <object_component id="oc-3da">
         <name>.text:write</name>
         <load_address>0xbbb8</load_address>
         <run_address>0xbbb8</run_address>
         <size>0x44</size>
         <input_file_ref idref="fl-ec"/>
      </object_component>
      <object_component id="oc-371">
         <name>.text</name>
         <load_address>0xbbfc</load_address>
         <run_address>0xbbfc</run_address>
         <size>0x3c</size>
         <input_file_ref idref="fl-f4"/>
      </object_component>
      <object_component id="oc-1ff">
         <name>.text</name>
         <load_address>0xbc38</load_address>
         <run_address>0xbc38</run_address>
         <size>0x34</size>
         <input_file_ref idref="fl-d7"/>
      </object_component>
      <object_component id="oc-2ee">
         <name>.text:memccpy</name>
         <load_address>0xbc6c</load_address>
         <run_address>0xbc6c</run_address>
         <size>0x2c</size>
         <input_file_ref idref="fl-e8"/>
      </object_component>
      <object_component id="oc-3ce">
         <name>.text:memchr</name>
         <load_address>0xbc98</load_address>
         <run_address>0xbc98</run_address>
         <size>0x2c</size>
         <input_file_ref idref="fl-e9"/>
      </object_component>
      <object_component id="oc-39d">
         <name>.text:strchr</name>
         <load_address>0xbcc4</load_address>
         <run_address>0xbcc4</run_address>
         <size>0x28</size>
         <input_file_ref idref="fl-ea"/>
      </object_component>
      <object_component id="oc-556">
         <name>.text:strcmp</name>
         <load_address>0xbcec</load_address>
         <run_address>0xbcec</run_address>
         <size>0x28</size>
         <input_file_ref idref="fl-10d"/>
      </object_component>
      <object_component id="oc-28">
         <name>.text:retain</name>
         <load_address>0xbd14</load_address>
         <run_address>0xbd14</run_address>
         <size>0x24</size>
         <input_file_ref idref="fl-8"/>
      </object_component>
      <object_component id="oc-2f4">
         <name>.text:wcslen</name>
         <load_address>0xbd38</load_address>
         <run_address>0xbd38</run_address>
         <size>0x24</size>
         <input_file_ref idref="fl-ee"/>
      </object_component>
      <object_component id="oc-2bf">
         <name>.text:strlen</name>
         <load_address>0xbd5c</load_address>
         <run_address>0xbd5c</run_address>
         <size>0x20</size>
         <input_file_ref idref="fl-eb"/>
      </object_component>
      <object_component id="oc-50d">
         <name>.text:strcpy</name>
         <load_address>0xbd7c</load_address>
         <run_address>0xbd7c</run_address>
         <size>0x18</size>
         <input_file_ref idref="fl-109"/>
      </object_component>
      <object_component id="oc-12">
         <name>.text:decompress:none:__TI_decompress_none</name>
         <load_address>0xbd94</load_address>
         <run_address>0xbd94</run_address>
         <size>0x14</size>
         <input_file_ref idref="fl-db"/>
      </object_component>
      <object_component id="oc-6b">
         <name>.text:decompress:ZI:__TI_zero_init</name>
         <load_address>0xbda8</load_address>
         <run_address>0xbda8</run_address>
         <size>0x10</size>
         <input_file_ref idref="fl-da"/>
      </object_component>
      <object_component id="oc-2fa">
         <name>.text:__aeabi_errno_addr</name>
         <load_address>0xbdb8</load_address>
         <run_address>0xbdb8</run_address>
         <size>0xc</size>
         <input_file_ref idref="fl-ed"/>
      </object_component>
      <object_component id="oc-407">
         <name>.text:copysign</name>
         <load_address>0xbdc4</load_address>
         <run_address>0xbdc4</run_address>
         <size>0xc</size>
         <input_file_ref idref="fl-104"/>
      </object_component>
      <object_component id="oc-148">
         <name>.text:abort:abort</name>
         <load_address>0xbdd0</load_address>
         <run_address>0xbdd0</run_address>
         <size>0x8</size>
         <input_file_ref idref="fl-dd"/>
      </object_component>
      <object_component id="oc-30c">
         <name>.text:_nop</name>
         <load_address>0xbdd8</load_address>
         <run_address>0xbdd8</run_address>
         <size>0x4</size>
         <input_file_ref idref="fl-de"/>
      </object_component>
      <object_component id="oc-24d">
         <name>.text:_outc</name>
         <load_address>0xbddc</load_address>
         <run_address>0xbddc</run_address>
         <size>0x4</size>
         <input_file_ref idref="fl-df"/>
      </object_component>
      <object_component id="oc-247">
         <name>.text:_outs</name>
         <load_address>0xbde0</load_address>
         <run_address>0xbde0</run_address>
         <size>0x4</size>
         <input_file_ref idref="fl-df"/>
      </object_component>
      <object_component id="oc-39">
         <name>.text:retain</name>
         <load_address>0xbde4</load_address>
         <run_address>0xbde4</run_address>
         <size>0x4</size>
         <input_file_ref idref="fl-f"/>
      </object_component>
      <object_component id="oc-3ec">
         <name>.text</name>
         <load_address>0xbde8</load_address>
         <run_address>0xbde8</run_address>
         <size>0x4</size>
         <input_file_ref idref="fl-105"/>
      </object_component>
      <object_component id="oc-231">
         <name>.const:crc16_table</name>
         <load_address>0xbdec</load_address>
         <run_address>0xbdec</run_address>
         <size>0x200</size>
         <input_file_ref idref="fl-2"/>
      </object_component>
      <object_component id="oc-25">
         <name>.const:s_vim_init</name>
         <load_address>0xbfec</load_address>
         <run_address>0xbfec</run_address>
         <size>0x180</size>
         <input_file_ref idref="fl-13"/>
      </object_component>
      <object_component id="oc-350">
         <name>.const:.string:_ctypes_</name>
         <load_address>0xc16c</load_address>
         <run_address>0xc16c</run_address>
         <size>0x101</size>
         <input_file_ref idref="fl-e3"/>
      </object_component>
      <object_component id="oc-58a">
         <name>.cinit..data.load</name>
         <load_address>0xc270</load_address>
         <run_address>0xc270</run_address>
         <size>0x76</size>
      </object_component>
      <object_component id="oc-587">
         <name>__TI_handler_table</name>
         <load_address>0xc2e8</load_address>
         <run_address>0xc2e8</run_address>
         <size>0xc</size>
      </object_component>
      <object_component id="oc-589">
         <name>.cinit..bss.load</name>
         <load_address>0xc2f8</load_address>
         <run_address>0xc2f8</run_address>
         <size>0x8</size>
      </object_component>
      <object_component id="oc-588">
         <name>__TI_cinit_table</name>
         <load_address>0xc300</load_address>
         <run_address>0xc300</run_address>
         <size>0x10</size>
      </object_component>
      <object_component id="oc-a1">
         <name>.bss:g_sciTransfer_t</name>
         <uninitialized>true</uninitialized>
         <run_address>0x80024c8</run_address>
         <size>0x14</size>
         <input_file_ref idref="fl-9"/>
      </object_component>
      <object_component id="oc-521">
         <name>.bss:_CIOBUF_</name>
         <uninitialized>true</uninitialized>
         <run_address>0x80021f0</run_address>
         <size>0x120</size>
         <input_file_ref idref="fl-103"/>
      </object_component>
      <object_component id="oc-230">
         <name>.common:pFrame</name>
         <uninitialized>true</uninitialized>
         <run_address>0x8001d00</run_address>
         <size>0x278</size>
      </object_component>
      <object_component id="oc-22f">
         <name>.common:bBuf</name>
         <uninitialized>true</uninitialized>
         <run_address>0x80024dc</run_address>
         <size>0x8</size>
      </object_component>
      <object_component id="oc-22b">
         <name>.common:response_frame2</name>
         <uninitialized>true</uninitialized>
         <run_address>0x8001f78</run_address>
         <size>0x278</size>
      </object_component>
      <object_component id="oc-234">
         <name>.common:bFrame</name>
         <uninitialized>true</uninitialized>
         <run_address>0x8002310</run_address>
         <size>0x118</size>
      </object_component>
      <object_component id="oc-4ee">
         <name>.common:__TI_tmpnams</name>
         <uninitialized>true</uninitialized>
         <run_address>0x8002428</run_address>
         <size>0xa0</size>
      </object_component>
      <object_component id="oc-4ff">
         <name>.common:parmbuf</name>
         <uninitialized>true</uninitialized>
         <run_address>0x80024e4</run_address>
         <size>0x8</size>
      </object_component>
      <object_component id="oc-22c">
         <name>.data</name>
         <load_address>0x80026a4</load_address>
         <run_address>0x80026a4</run_address>
         <size>0x10</size>
         <input_file_ref idref="fl-2"/>
      </object_component>
      <object_component id="oc-154">
         <name>.data</name>
         <load_address>0x80026e4</load_address>
         <run_address>0x80026e4</run_address>
         <size>0x8</size>
         <input_file_ref idref="fl-c"/>
      </object_component>
      <object_component id="oc-268">
         <name>.data:$O1$$</name>
         <load_address>0x80026c4</load_address>
         <run_address>0x80026c4</run_address>
         <size>0xc</size>
         <input_file_ref idref="fl-dd"/>
      </object_component>
      <object_component id="oc-241">
         <name>.data:$O1$$</name>
         <load_address>0x80026dc</load_address>
         <run_address>0x80026dc</run_address>
         <size>0x8</size>
         <input_file_ref idref="fl-de"/>
      </object_component>
      <object_component id="oc-244">
         <name>.data:_ftable</name>
         <load_address>0x80024ec</load_address>
         <run_address>0x80024ec</run_address>
         <size>0xf0</size>
         <input_file_ref idref="fl-e4"/>
      </object_component>
      <object_component id="oc-4a9">
         <name>.data</name>
         <load_address>0x80026b4</load_address>
         <run_address>0x80026b4</run_address>
         <size>0x10</size>
         <input_file_ref idref="fl-e4"/>
      </object_component>
      <object_component id="oc-477">
         <name>.data:_device</name>
         <load_address>0x80025dc</load_address>
         <run_address>0x80025dc</run_address>
         <size>0x78</size>
         <input_file_ref idref="fl-ec"/>
      </object_component>
      <object_component id="oc-435">
         <name>.data:_stream</name>
         <load_address>0x8002654</load_address>
         <run_address>0x8002654</run_address>
         <size>0x50</size>
         <input_file_ref idref="fl-ec"/>
      </object_component>
      <object_component id="oc-3ad">
         <name>.data</name>
         <load_address>0x80026ec</load_address>
         <run_address>0x80026ec</run_address>
         <size>0x4</size>
         <input_file_ref idref="fl-ed"/>
      </object_component>
      <object_component id="oc-49e">
         <name>.data:$O1$$</name>
         <load_address>0x80026d0</load_address>
         <run_address>0x80026d0</run_address>
         <size>0xc</size>
         <input_file_ref idref="fl-106"/>
      </object_component>
      <object_component id="oc-4b">
         <name>.sysmem</name>
         <uninitialized>true</uninitialized>
         <run_address>0x8001500</run_address>
         <size>0x8</size>
         <input_file_ref idref="fl-106"/>
      </object_component>
      <object_component id="oc-58b">
         <name>.sysmem</name>
         <uninitialized>true</uninitialized>
         <run_address>0x8001500</run_address>
         <size>0x0</size>
      </object_component>
      <object_component id="oc-18c">
         <name>.debug_info</name>
         <load_address>0x0</load_address>
         <run_address>0x0</run_address>
         <size>0x5c0</size>
         <input_file_ref idref="fl-2"/>
      </object_component>
      <object_component id="oc-22d">
         <name>.debug_info</name>
         <load_address>0x5c0</load_address>
         <run_address>0x5c0</run_address>
         <size>0x145</size>
         <input_file_ref idref="fl-2"/>
      </object_component>
      <object_component id="oc-232">
         <name>.debug_info</name>
         <load_address>0x705</load_address>
         <run_address>0x705</run_address>
         <size>0xef</size>
         <input_file_ref idref="fl-2"/>
      </object_component>
      <object_component id="oc-131">
         <name>.debug_info</name>
         <load_address>0x7f4</load_address>
         <run_address>0x7f4</run_address>
         <size>0x12e1</size>
         <input_file_ref idref="fl-2"/>
      </object_component>
      <object_component id="oc-25d">
         <name>.debug_info</name>
         <load_address>0x1ad5</load_address>
         <run_address>0x1ad5</run_address>
         <size>0x306</size>
         <input_file_ref idref="fl-2"/>
      </object_component>
      <object_component id="oc-160">
         <name>.debug_info</name>
         <load_address>0x1ddb</load_address>
         <run_address>0x1ddb</run_address>
         <size>0x26b</size>
         <input_file_ref idref="fl-2"/>
      </object_component>
      <object_component id="oc-98">
         <name>.debug_info</name>
         <load_address>0x2046</load_address>
         <run_address>0x2046</run_address>
         <size>0x157</size>
         <input_file_ref idref="fl-2"/>
      </object_component>
      <object_component id="oc-142">
         <name>.debug_info</name>
         <load_address>0x219d</load_address>
         <run_address>0x219d</run_address>
         <size>0x8b</size>
         <input_file_ref idref="fl-2"/>
      </object_component>
      <object_component id="oc-ad">
         <name>.debug_info</name>
         <load_address>0x2228</load_address>
         <run_address>0x2228</run_address>
         <size>0x18c</size>
         <input_file_ref idref="fl-2"/>
      </object_component>
      <object_component id="oc-272">
         <name>.debug_info</name>
         <load_address>0x23b4</load_address>
         <run_address>0x23b4</run_address>
         <size>0x297</size>
         <input_file_ref idref="fl-2"/>
      </object_component>
      <object_component id="oc-159">
         <name>.debug_info</name>
         <load_address>0x264b</load_address>
         <run_address>0x264b</run_address>
         <size>0xbb</size>
         <input_file_ref idref="fl-2"/>
      </object_component>
      <object_component id="oc-236">
         <name>.debug_info</name>
         <load_address>0x2706</load_address>
         <run_address>0x2706</run_address>
         <size>0x46</size>
         <input_file_ref idref="fl-2"/>
      </object_component>
      <object_component id="oc-1a1">
         <name>.debug_info</name>
         <load_address>0x274c</load_address>
         <run_address>0x274c</run_address>
         <size>0x2c</size>
         <input_file_ref idref="fl-2"/>
      </object_component>
      <object_component id="oc-b2">
         <name>.debug_info</name>
         <load_address>0x2778</load_address>
         <run_address>0x2778</run_address>
         <size>0x86</size>
         <input_file_ref idref="fl-2"/>
      </object_component>
      <object_component id="oc-255">
         <name>.debug_info</name>
         <load_address>0x27fe</load_address>
         <run_address>0x27fe</run_address>
         <size>0x2c</size>
         <input_file_ref idref="fl-2"/>
      </object_component>
      <object_component id="oc-21b">
         <name>.debug_info</name>
         <load_address>0x282a</load_address>
         <run_address>0x282a</run_address>
         <size>0x1d4</size>
         <input_file_ref idref="fl-2"/>
      </object_component>
      <object_component id="oc-16f">
         <name>.debug_info</name>
         <load_address>0x29fe</load_address>
         <run_address>0x29fe</run_address>
         <size>0x1f9</size>
         <input_file_ref idref="fl-2"/>
      </object_component>
      <object_component id="oc-2a2">
         <name>.debug_info</name>
         <load_address>0x2bf7</load_address>
         <run_address>0x2bf7</run_address>
         <size>0xda</size>
         <input_file_ref idref="fl-2"/>
      </object_component>
      <object_component id="oc-262">
         <name>.debug_info</name>
         <load_address>0x2cd1</load_address>
         <run_address>0x2cd1</run_address>
         <size>0x243</size>
         <input_file_ref idref="fl-2"/>
      </object_component>
      <object_component id="oc-27e">
         <name>.debug_info</name>
         <load_address>0x2f14</load_address>
         <run_address>0x2f14</run_address>
         <size>0x18e</size>
         <input_file_ref idref="fl-2"/>
      </object_component>
      <object_component id="oc-17e">
         <name>.debug_info</name>
         <load_address>0x30a2</load_address>
         <run_address>0x30a2</run_address>
         <size>0x2cf</size>
         <input_file_ref idref="fl-2"/>
      </object_component>
      <object_component id="oc-a7">
         <name>.debug_info</name>
         <load_address>0x3371</load_address>
         <run_address>0x3371</run_address>
         <size>0x109</size>
         <input_file_ref idref="fl-3"/>
      </object_component>
      <object_component id="oc-ed">
         <name>.debug_info</name>
         <load_address>0x347a</load_address>
         <run_address>0x347a</run_address>
         <size>0x1ef</size>
         <input_file_ref idref="fl-4"/>
      </object_component>
      <object_component id="oc-83">
         <name>.debug_info</name>
         <load_address>0x3669</load_address>
         <run_address>0x3669</run_address>
         <size>0xb32</size>
         <input_file_ref idref="fl-4"/>
      </object_component>
      <object_component id="oc-20">
         <name>.debug_info</name>
         <load_address>0x419b</load_address>
         <run_address>0x419b</run_address>
         <size>0x192</size>
         <input_file_ref idref="fl-4"/>
      </object_component>
      <object_component id="oc-165">
         <name>.debug_info</name>
         <load_address>0x432d</load_address>
         <run_address>0x432d</run_address>
         <size>0x1de</size>
         <input_file_ref idref="fl-4"/>
      </object_component>
      <object_component id="oc-e8">
         <name>.debug_info</name>
         <load_address>0x450b</load_address>
         <run_address>0x450b</run_address>
         <size>0x129</size>
         <input_file_ref idref="fl-4"/>
      </object_component>
      <object_component id="oc-1fe">
         <name>.debug_info</name>
         <load_address>0x4634</load_address>
         <run_address>0x4634</run_address>
         <size>0x172</size>
         <input_file_ref idref="fl-5"/>
      </object_component>
      <object_component id="oc-11f">
         <name>.debug_info</name>
         <load_address>0x47a6</load_address>
         <run_address>0x47a6</run_address>
         <size>0x6df</size>
         <input_file_ref idref="fl-5"/>
      </object_component>
      <object_component id="oc-158">
         <name>.debug_info</name>
         <load_address>0x4e85</load_address>
         <run_address>0x4e85</run_address>
         <size>0x385</size>
         <input_file_ref idref="fl-6"/>
      </object_component>
      <object_component id="oc-92">
         <name>.debug_info</name>
         <load_address>0x520a</load_address>
         <run_address>0x520a</run_address>
         <size>0x6f6</size>
         <input_file_ref idref="fl-6"/>
      </object_component>
      <object_component id="oc-1ad">
         <name>.debug_info</name>
         <load_address>0x5900</load_address>
         <run_address>0x5900</run_address>
         <size>0x791</size>
         <input_file_ref idref="fl-6"/>
      </object_component>
      <object_component id="oc-1b2">
         <name>.debug_info</name>
         <load_address>0x6091</load_address>
         <run_address>0x6091</run_address>
         <size>0x4de</size>
         <input_file_ref idref="fl-6"/>
      </object_component>
      <object_component id="oc-1b7">
         <name>.debug_info</name>
         <load_address>0x656f</load_address>
         <run_address>0x656f</run_address>
         <size>0x3ce</size>
         <input_file_ref idref="fl-6"/>
      </object_component>
      <object_component id="oc-1bc">
         <name>.debug_info</name>
         <load_address>0x693d</load_address>
         <run_address>0x693d</run_address>
         <size>0x437</size>
         <input_file_ref idref="fl-6"/>
      </object_component>
      <object_component id="oc-1e7">
         <name>.debug_info</name>
         <load_address>0x6d74</load_address>
         <run_address>0x6d74</run_address>
         <size>0x37b</size>
         <input_file_ref idref="fl-6"/>
      </object_component>
      <object_component id="oc-1c1">
         <name>.debug_info</name>
         <load_address>0x70ef</load_address>
         <run_address>0x70ef</run_address>
         <size>0x1ca</size>
         <input_file_ref idref="fl-6"/>
      </object_component>
      <object_component id="oc-16a">
         <name>.debug_info</name>
         <load_address>0x72b9</load_address>
         <run_address>0x72b9</run_address>
         <size>0x435</size>
         <input_file_ref idref="fl-6"/>
      </object_component>
      <object_component id="oc-1da">
         <name>.debug_info</name>
         <load_address>0x76ee</load_address>
         <run_address>0x76ee</run_address>
         <size>0x510</size>
         <input_file_ref idref="fl-6"/>
      </object_component>
      <object_component id="oc-1c6">
         <name>.debug_info</name>
         <load_address>0x7bfe</load_address>
         <run_address>0x7bfe</run_address>
         <size>0x3d3</size>
         <input_file_ref idref="fl-6"/>
      </object_component>
      <object_component id="oc-1d0">
         <name>.debug_info</name>
         <load_address>0x7fd1</load_address>
         <run_address>0x7fd1</run_address>
         <size>0x1de</size>
         <input_file_ref idref="fl-6"/>
      </object_component>
      <object_component id="oc-1df">
         <name>.debug_info</name>
         <load_address>0x81af</load_address>
         <run_address>0x81af</run_address>
         <size>0x17a</size>
         <input_file_ref idref="fl-6"/>
      </object_component>
      <object_component id="oc-174">
         <name>.debug_info</name>
         <load_address>0x8329</load_address>
         <run_address>0x8329</run_address>
         <size>0x642</size>
         <input_file_ref idref="fl-6"/>
      </object_component>
      <object_component id="oc-179">
         <name>.debug_info</name>
         <load_address>0x896b</load_address>
         <run_address>0x896b</run_address>
         <size>0x13e</size>
         <input_file_ref idref="fl-6"/>
      </object_component>
      <object_component id="oc-1aa">
         <name>.debug_info</name>
         <load_address>0x8aa9</load_address>
         <run_address>0x8aa9</run_address>
         <size>0x159</size>
         <input_file_ref idref="fl-7"/>
      </object_component>
      <object_component id="oc-d9">
         <name>.debug_info</name>
         <load_address>0x8c02</load_address>
         <run_address>0x8c02</run_address>
         <size>0x1ec</size>
         <input_file_ref idref="fl-7"/>
      </object_component>
      <object_component id="oc-1cb">
         <name>.debug_info</name>
         <load_address>0x8dee</load_address>
         <run_address>0x8dee</run_address>
         <size>0x1d8</size>
         <input_file_ref idref="fl-7"/>
      </object_component>
      <object_component id="oc-287">
         <name>.debug_info</name>
         <load_address>0x8fc6</load_address>
         <run_address>0x8fc6</run_address>
         <size>0xc6</size>
         <input_file_ref idref="fl-7"/>
      </object_component>
      <object_component id="oc-220">
         <name>.debug_info</name>
         <load_address>0x908c</load_address>
         <run_address>0x908c</run_address>
         <size>0x1c2</size>
         <input_file_ref idref="fl-8"/>
      </object_component>
      <object_component id="oc-12b">
         <name>.debug_info</name>
         <load_address>0x924e</load_address>
         <run_address>0x924e</run_address>
         <size>0xd2e</size>
         <input_file_ref idref="fl-8"/>
      </object_component>
      <object_component id="oc-29">
         <name>.debug_info</name>
         <load_address>0x9f7c</load_address>
         <run_address>0x9f7c</run_address>
         <size>0x14c</size>
         <input_file_ref idref="fl-8"/>
      </object_component>
      <object_component id="oc-18a">
         <name>.debug_info</name>
         <load_address>0xa0c8</load_address>
         <run_address>0xa0c8</run_address>
         <size>0x1e6</size>
         <input_file_ref idref="fl-9"/>
      </object_component>
      <object_component id="oc-a2">
         <name>.debug_info</name>
         <load_address>0xa2ae</load_address>
         <run_address>0xa2ae</run_address>
         <size>0xf1</size>
         <input_file_ref idref="fl-9"/>
      </object_component>
      <object_component id="oc-125">
         <name>.debug_info</name>
         <load_address>0xa39f</load_address>
         <run_address>0xa39f</run_address>
         <size>0xc43</size>
         <input_file_ref idref="fl-9"/>
      </object_component>
      <object_component id="oc-2f">
         <name>.debug_info</name>
         <load_address>0xafe2</load_address>
         <run_address>0xafe2</run_address>
         <size>0x37f</size>
         <input_file_ref idref="fl-9"/>
      </object_component>
      <object_component id="oc-279">
         <name>.debug_info</name>
         <load_address>0xb361</load_address>
         <run_address>0xb361</run_address>
         <size>0x91</size>
         <input_file_ref idref="fl-9"/>
      </object_component>
      <object_component id="oc-74">
         <name>.debug_info</name>
         <load_address>0xb3f2</load_address>
         <run_address>0xb3f2</run_address>
         <size>0x78a</size>
         <input_file_ref idref="fl-a"/>
      </object_component>
      <object_component id="oc-37">
         <name>.debug_info</name>
         <load_address>0xbb7c</load_address>
         <run_address>0xbb7c</run_address>
         <size>0x111</size>
         <input_file_ref idref="fl-b"/>
      </object_component>
      <object_component id="oc-147">
         <name>.debug_info</name>
         <load_address>0xbc8d</load_address>
         <run_address>0xbc8d</run_address>
         <size>0x3c7</size>
         <input_file_ref idref="fl-c"/>
      </object_component>
      <object_component id="oc-155">
         <name>.debug_info</name>
         <load_address>0xc054</load_address>
         <run_address>0xc054</run_address>
         <size>0x116</size>
         <input_file_ref idref="fl-c"/>
      </object_component>
      <object_component id="oc-8a">
         <name>.debug_info</name>
         <load_address>0xc16a</load_address>
         <run_address>0xc16a</run_address>
         <size>0x352</size>
         <input_file_ref idref="fl-c"/>
      </object_component>
      <object_component id="oc-28c">
         <name>.debug_info</name>
         <load_address>0xc4bc</load_address>
         <run_address>0xc4bc</run_address>
         <size>0x178</size>
         <input_file_ref idref="fl-e"/>
      </object_component>
      <object_component id="oc-335">
         <name>.debug_info</name>
         <load_address>0xc634</load_address>
         <run_address>0xc634</run_address>
         <size>0x242</size>
         <input_file_ref idref="fl-e"/>
      </object_component>
      <object_component id="oc-1d5">
         <name>.debug_info</name>
         <load_address>0xc876</load_address>
         <run_address>0xc876</run_address>
         <size>0x2af</size>
         <input_file_ref idref="fl-e"/>
      </object_component>
      <object_component id="oc-3a">
         <name>.debug_info</name>
         <load_address>0xcb25</load_address>
         <run_address>0xcb25</run_address>
         <size>0x143</size>
         <input_file_ref idref="fl-f"/>
      </object_component>
      <object_component id="oc-e1">
         <name>.debug_info</name>
         <load_address>0xcc68</load_address>
         <run_address>0xcc68</run_address>
         <size>0x370</size>
         <input_file_ref idref="fl-10"/>
      </object_component>
      <object_component id="oc-e6">
         <name>.debug_info</name>
         <load_address>0xcfd8</load_address>
         <run_address>0xcfd8</run_address>
         <size>0x53a</size>
         <input_file_ref idref="fl-11"/>
      </object_component>
      <object_component id="oc-7d">
         <name>.debug_info</name>
         <load_address>0xd512</load_address>
         <run_address>0xd512</run_address>
         <size>0x2808</size>
         <input_file_ref idref="fl-11"/>
      </object_component>
      <object_component id="oc-1a">
         <name>.debug_info</name>
         <load_address>0xfd1a</load_address>
         <run_address>0xfd1a</run_address>
         <size>0x4f4</size>
         <input_file_ref idref="fl-12"/>
      </object_component>
      <object_component id="oc-9f">
         <name>.debug_info</name>
         <load_address>0x1020e</load_address>
         <run_address>0x1020e</run_address>
         <size>0x3a8</size>
         <input_file_ref idref="fl-13"/>
      </object_component>
      <object_component id="oc-26">
         <name>.debug_info</name>
         <load_address>0x105b6</load_address>
         <run_address>0x105b6</run_address>
         <size>0xeb</size>
         <input_file_ref idref="fl-13"/>
      </object_component>
      <object_component id="oc-41">
         <name>.debug_info</name>
         <load_address>0x106a1</load_address>
         <run_address>0x106a1</run_address>
         <size>0x47d</size>
         <input_file_ref idref="fl-13"/>
      </object_component>
      <object_component id="oc-46">
         <name>.debug_info</name>
         <load_address>0x10b1e</load_address>
         <run_address>0x10b1e</run_address>
         <size>0x206</size>
         <input_file_ref idref="fl-13"/>
      </object_component>
      <object_component id="oc-183">
         <name>.debug_info</name>
         <load_address>0x10d24</load_address>
         <run_address>0x10d24</run_address>
         <size>0x4f</size>
         <input_file_ref idref="fl-13"/>
      </object_component>
      <object_component id="oc-df">
         <name>.debug_info</name>
         <load_address>0x10d73</load_address>
         <run_address>0x10d73</run_address>
         <size>0x3e6</size>
         <input_file_ref idref="fl-14"/>
      </object_component>
      <object_component id="oc-77">
         <name>.debug_info</name>
         <load_address>0x11159</load_address>
         <run_address>0x11159</run_address>
         <size>0x73c</size>
         <input_file_ref idref="fl-14"/>
      </object_component>
      <object_component id="oc-2b5">
         <name>.debug_info</name>
         <load_address>0x11895</load_address>
         <run_address>0x11895</run_address>
         <size>0x11c</size>
         <input_file_ref idref="fl-ce"/>
      </object_component>
      <object_component id="oc-20f">
         <name>.debug_info</name>
         <load_address>0x119b1</load_address>
         <run_address>0x119b1</run_address>
         <size>0x1ee</size>
         <input_file_ref idref="fl-ce"/>
      </object_component>
      <object_component id="oc-54">
         <name>.debug_info</name>
         <load_address>0x11b9f</load_address>
         <run_address>0x11b9f</run_address>
         <size>0x84</size>
         <input_file_ref idref="fl-ce"/>
      </object_component>
      <object_component id="oc-347">
         <name>.debug_info</name>
         <load_address>0x11c23</load_address>
         <run_address>0x11c23</run_address>
         <size>0x46</size>
         <input_file_ref idref="fl-ce"/>
      </object_component>
      <object_component id="oc-2b0">
         <name>.debug_info</name>
         <load_address>0x11c69</load_address>
         <run_address>0x11c69</run_address>
         <size>0x39</size>
         <input_file_ref idref="fl-ce"/>
      </object_component>
      <object_component id="oc-d4">
         <name>.debug_info</name>
         <load_address>0x11ca2</load_address>
         <run_address>0x11ca2</run_address>
         <size>0x114</size>
         <input_file_ref idref="fl-cf"/>
      </object_component>
      <object_component id="oc-20a">
         <name>.debug_info</name>
         <load_address>0x11db6</load_address>
         <run_address>0x11db6</run_address>
         <size>0x12b</size>
         <input_file_ref idref="fl-d0"/>
      </object_component>
      <object_component id="oc-2d2">
         <name>.debug_info</name>
         <load_address>0x11ee1</load_address>
         <run_address>0x11ee1</run_address>
         <size>0xf2</size>
         <input_file_ref idref="fl-d1"/>
      </object_component>
      <object_component id="oc-2ac">
         <name>.debug_info</name>
         <load_address>0x11fd3</load_address>
         <run_address>0x11fd3</run_address>
         <size>0xf4</size>
         <input_file_ref idref="fl-d1"/>
      </object_component>
      <object_component id="oc-205">
         <name>.debug_info</name>
         <load_address>0x120c7</load_address>
         <run_address>0x120c7</run_address>
         <size>0x110</size>
         <input_file_ref idref="fl-d2"/>
      </object_component>
      <object_component id="oc-215">
         <name>.debug_info</name>
         <load_address>0x121d7</load_address>
         <run_address>0x121d7</run_address>
         <size>0x109</size>
         <input_file_ref idref="fl-d3"/>
      </object_component>
      <object_component id="oc-227">
         <name>.debug_info</name>
         <load_address>0x122e0</load_address>
         <run_address>0x122e0</run_address>
         <size>0x110</size>
         <input_file_ref idref="fl-d4"/>
      </object_component>
      <object_component id="oc-13d">
         <name>.debug_info</name>
         <load_address>0x123f0</load_address>
         <run_address>0x123f0</run_address>
         <size>0xfc</size>
         <input_file_ref idref="fl-d5"/>
      </object_component>
      <object_component id="oc-222">
         <name>.debug_info</name>
         <load_address>0x124ec</load_address>
         <run_address>0x124ec</run_address>
         <size>0xf3</size>
         <input_file_ref idref="fl-d6"/>
      </object_component>
      <object_component id="oc-202">
         <name>.debug_info</name>
         <load_address>0x125df</load_address>
         <run_address>0x125df</run_address>
         <size>0xf5</size>
         <input_file_ref idref="fl-d7"/>
      </object_component>
      <object_component id="oc-1ef">
         <name>.debug_info</name>
         <load_address>0x126d4</load_address>
         <run_address>0x126d4</run_address>
         <size>0x3e9</size>
         <input_file_ref idref="fl-d8"/>
      </object_component>
      <object_component id="oc-f0">
         <name>.debug_info</name>
         <load_address>0x12abd</load_address>
         <run_address>0x12abd</run_address>
         <size>0x16b</size>
         <input_file_ref idref="fl-d8"/>
      </object_component>
      <object_component id="oc-28f">
         <name>.debug_info</name>
         <load_address>0x12c28</load_address>
         <run_address>0x12c28</run_address>
         <size>0x39</size>
         <input_file_ref idref="fl-d8"/>
      </object_component>
      <object_component id="oc-33a">
         <name>.debug_info</name>
         <load_address>0x12c61</load_address>
         <run_address>0x12c61</run_address>
         <size>0x39</size>
         <input_file_ref idref="fl-d8"/>
      </object_component>
      <object_component id="oc-294">
         <name>.debug_info</name>
         <load_address>0x12c9a</load_address>
         <run_address>0x12c9a</run_address>
         <size>0x39</size>
         <input_file_ref idref="fl-d8"/>
      </object_component>
      <object_component id="oc-299">
         <name>.debug_info</name>
         <load_address>0x12cd3</load_address>
         <run_address>0x12cd3</run_address>
         <size>0xcd</size>
         <input_file_ref idref="fl-d8"/>
      </object_component>
      <object_component id="oc-d0">
         <name>.debug_info</name>
         <load_address>0x12da0</load_address>
         <run_address>0x12da0</run_address>
         <size>0x1b0</size>
         <input_file_ref idref="fl-da"/>
      </object_component>
      <object_component id="oc-6d">
         <name>.debug_info</name>
         <load_address>0x12f50</load_address>
         <run_address>0x12f50</run_address>
         <size>0x165</size>
         <input_file_ref idref="fl-da"/>
      </object_component>
      <object_component id="oc-cb">
         <name>.debug_info</name>
         <load_address>0x130b5</load_address>
         <run_address>0x130b5</run_address>
         <size>0x46</size>
         <input_file_ref idref="fl-da"/>
      </object_component>
      <object_component id="oc-64">
         <name>.debug_info</name>
         <load_address>0x130fb</load_address>
         <run_address>0x130fb</run_address>
         <size>0x13a</size>
         <input_file_ref idref="fl-db"/>
      </object_component>
      <object_component id="oc-13">
         <name>.debug_info</name>
         <load_address>0x13235</load_address>
         <run_address>0x13235</run_address>
         <size>0x19a</size>
         <input_file_ref idref="fl-db"/>
      </object_component>
      <object_component id="oc-5f">
         <name>.debug_info</name>
         <load_address>0x133cf</load_address>
         <run_address>0x133cf</run_address>
         <size>0x46</size>
         <input_file_ref idref="fl-db"/>
      </object_component>
      <object_component id="oc-c3">
         <name>.debug_info</name>
         <load_address>0x13415</load_address>
         <run_address>0x13415</run_address>
         <size>0x2c</size>
         <input_file_ref idref="fl-db"/>
      </object_component>
      <object_component id="oc-c1">
         <name>.debug_info</name>
         <load_address>0x13441</load_address>
         <run_address>0x13441</run_address>
         <size>0x135</size>
         <input_file_ref idref="fl-dc"/>
      </object_component>
      <object_component id="oc-f">
         <name>.debug_info</name>
         <load_address>0x13576</load_address>
         <run_address>0x13576</run_address>
         <size>0x215</size>
         <input_file_ref idref="fl-dc"/>
      </object_component>
      <object_component id="oc-4f">
         <name>.debug_info</name>
         <load_address>0x1378b</load_address>
         <run_address>0x1378b</run_address>
         <size>0x60</size>
         <input_file_ref idref="fl-dc"/>
      </object_component>
      <object_component id="oc-19a">
         <name>.debug_info</name>
         <load_address>0x137eb</load_address>
         <run_address>0x137eb</run_address>
         <size>0x46</size>
         <input_file_ref idref="fl-dc"/>
      </object_component>
      <object_component id="oc-bc">
         <name>.debug_info</name>
         <load_address>0x13831</load_address>
         <run_address>0x13831</run_address>
         <size>0x39</size>
         <input_file_ref idref="fl-dc"/>
      </object_component>
[...]
      <symbol id="sm-63c">
         <name>vimChannelMap</name>
         <value>0x59c0</value>
         <object_component_ref idref="oc-40"/>
      </symbol>
      <symbol id="sm-63d">
         <name>vimInit</name>
         <value>0x58ec</value>
         <object_component_ref idref="oc-40"/>
      </symbol>
      <symbol id="sm-63e">
         <name>vimEnableInterrupt</name>
         <value>0x5a64</value>
         <object_component_ref idref="oc-40"/>
      </symbol>
      <symbol id="sm-63f">
         <name>vimDisableInterrupt</name>
         <value>0x5bbc</value>
         <object_component_ref idref="oc-40"/>
      </symbol>
      <symbol id="sm-640">
         <name>vimGetConfigValue</name>
         <value>0x5c40</value>
         <object_component_ref idref="oc-40"/>
      </symbol>
      <symbol id="sm-641">
         <name>vimParityErrorHandler</name>
         <value>0x897c</value>
         <object_component_ref idref="oc-3f"/>
      </symbol>
      <symbol id="sm-694">
         <name>systemGetConfigValue</name>
         <value>0x5194</value>
         <object_component_ref idref="oc-76"/>
      </symbol>
      <symbol id="sm-695">
         <name>trimLPO</name>
         <value>0x4ed8</value>
         <object_component_ref idref="oc-76"/>
      </symbol>
      <symbol id="sm-696">
         <name>systemInit</name>
         <value>0x5098</value>
         <object_component_ref idref="oc-76"/>
      </symbol>
      <symbol id="sm-697">
         <name>tcmflashGetConfigValue</name>
         <value>0x5554</value>
         <object_component_ref idref="oc-76"/>
      </symbol>
      <symbol id="sm-698">
         <name>sramGetConfigValue</name>
         <value>0x5700</value>
         <object_component_ref idref="oc-76"/>
      </symbol>
      <symbol id="sm-699">
         <name>periphInit</name>
         <value>0x4f60</value>
         <object_component_ref idref="oc-76"/>
      </symbol>
      <symbol id="sm-69a">
         <name>setupFlash</name>
         <value>0x4f20</value>
         <object_component_ref idref="oc-76"/>
      </symbol>
      <symbol id="sm-69b">
         <name>setupPLL</name>
         <value>0x4e88</value>
         <object_component_ref idref="oc-76"/>
      </symbol>
      <symbol id="sm-69c">
         <name>mapClocks</name>
         <value>0x4fb4</value>
         <object_component_ref idref="oc-76"/>
      </symbol>
      <symbol id="sm-69d">
         <name>systemPowerDown</name>
         <value>0x5164</value>
         <object_component_ref idref="oc-76"/>
      </symbol>
      <symbol id="sm-6c7">
         <name>floorl</name>
         <value>0x997c</value>
         <object_component_ref idref="oc-20e"/>
      </symbol>
      <symbol id="sm-6c8">
         <name>floor</name>
         <value>0x997c</value>
         <object_component_ref idref="oc-20e"/>
      </symbol>
      <symbol id="sm-6d7">
         <name>__aeabi_memset</name>
         <value>0xa964</value>
         <object_component_ref idref="oc-d1"/>
      </symbol>
      <symbol id="sm-6d8">
         <name>memset</name>
         <value>0xa970</value>
         <object_component_ref idref="oc-d1"/>
      </symbol>
      <symbol id="sm-6d9">
         <name>__aeabi_memset8</name>
         <value>0xa964</value>
         <object_component_ref idref="oc-d1"/>
      </symbol>
      <symbol id="sm-6da">
         <name>__aeabi_memset4</name>
         <value>0xa964</value>
         <object_component_ref idref="oc-d1"/>
      </symbol>
      <symbol id="sm-6db">
         <name>__aeabi_memclr8</name>
         <value>0xa960</value>
         <object_component_ref idref="oc-d1"/>
      </symbol>
      <symbol id="sm-6dc">
         <name>__aeabi_memclr4</name>
         <value>0xa960</value>
         <object_component_ref idref="oc-d1"/>
      </symbol>
      <symbol id="sm-6dd">
         <name>__aeabi_memclr</name>
         <value>0xa960</value>
         <object_component_ref idref="oc-d1"/>
      </symbol>
      <symbol id="sm-6f4">
         <name>__aeabi_dsub</name>
         <value>0x8be4</value>
         <object_component_ref idref="oc-209"/>
      </symbol>
      <symbol id="sm-6f5">
         <name>__aeabi_dadd</name>
         <value>0x8bf0</value>
         <object_component_ref idref="oc-209"/>
      </symbol>
      <symbol id="sm-717">
         <name>__aeabi_cdcmpeq</name>
         <value>0xa3b0</value>
         <object_component_ref idref="oc-2d1"/>
      </symbol>
      <symbol id="sm-718">
         <name>__aeabi_cdcmple</name>
         <value>0xa3b0</value>
         <object_component_ref idref="oc-2d1"/>
      </symbol>
      <symbol id="sm-719">
         <name>__aeabi_cdrcmple</name>
         <value>0xa490</value>
         <object_component_ref idref="oc-2aa"/>
      </symbol>
      <symbol id="sm-72d">
         <name>__aeabi_ddiv</name>
         <value>0x9500</value>
         <object_component_ref idref="oc-204"/>
      </symbol>
      <symbol id="sm-737">
         <name>__aeabi_d2uiz</name>
         <value>0xb804</value>
         <object_component_ref idref="oc-214"/>
      </symbol>
      <symbol id="sm-741">
         <name>__aeabi_fmul</name>
         <value>0xab64</value>
         <object_component_ref idref="oc-226"/>
      </symbol>
      <symbol id="sm-74c">
         <name>__aeabi_f2d</name>
         <value>0xb7a8</value>
         <object_component_ref idref="oc-13c"/>
      </symbol>
      <symbol id="sm-757">
         <name>__aeabi_i2f</name>
         <value>0xba50</value>
         <object_component_ref idref="oc-221"/>
      </symbol>
      <symbol id="sm-761">
         <name>__aeabi_ui2d</name>
         <value>0xbc38</value>
         <object_component_ref idref="oc-1ff"/>
      </symbol>
      <symbol id="sm-789">
         <name>__TI_auto_init_nobinit_nopinit</name>
         <value>0xb624</value>
         <object_component_ref idref="oc-ee"/>
      </symbol>
      <symbol id="sm-79c">
         <name>__TI_zero_init</name>
         <value>0xbda8</value>
         <object_component_ref idref="oc-6b"/>
      </symbol>
      <symbol id="sm-7b3">
         <name>__TI_decompress_none</name>
         <value>0xbd94</value>
         <object_component_ref idref="oc-12"/>
      </symbol>
      <symbol id="sm-7d6">
         <name>__TI_decompress_lzss</name>
         <value>0xb0d4</value>
         <object_component_ref idref="oc-c"/>
      </symbol>
      <symbol id="sm-7fc">
         <name>C$$EXIT</name>
         <value>0xbdd0</value>
         <object_component_ref idref="oc-148"/>
      </symbol>
      <symbol id="sm-7fd">
         <name>abort</name>
         <value>0xbdd0</value>
         <object_component_ref idref="oc-148"/>
      </symbol>
      <symbol id="sm-7fe">
         <name>__TI_dtors_ptr</name>
         <value>0x80026c8</value>
         <object_component_ref idref="oc-268"/>
      </symbol>
      <symbol id="sm-7ff">
         <name>__TI_cleanup_ptr</name>
         <value>0x80026c4</value>
         <object_component_ref idref="oc-268"/>
      </symbol>
      <symbol id="sm-800">
         <name>__TI_enable_exit_profile_output</name>
         <value>0x80026cc</value>
         <object_component_ref idref="oc-268"/>
      </symbol>
      <symbol id="sm-801">
         <name>exit</name>
         <value>0xb370</value>
         <object_component_ref idref="oc-14e"/>
      </symbol>
      <symbol id="sm-816">
         <name>_nop</name>
         <value>0xbdd8</value>
         <object_component_ref idref="oc-30c"/>
      </symbol>
      <symbol id="sm-817">
         <name>_lock</name>
         <value>0x80026dc</value>
         <object_component_ref idref="oc-241"/>
      </symbol>
      <symbol id="sm-818">
         <name>_unlock</name>
         <value>0x80026e0</value>
         <object_component_ref idref="oc-241"/>
      </symbol>
      <symbol id="sm-844">
         <name>printf</name>
         <value>0xad50</value>
         <object_component_ref idref="oc-136"/>
      </symbol>
      <symbol id="sm-85d">
         <name>memcpy</name>
         <value>0x9690</value>
         <object_component_ref idref="oc-59"/>
      </symbol>
      <symbol id="sm-85e">
         <name>__aeabi_memcpy</name>
         <value>0x9690</value>
         <object_component_ref idref="oc-59"/>
      </symbol>
      <symbol id="sm-85f">
         <name>__aeabi_memcpy8</name>
         <value>0x9690</value>
         <object_component_ref idref="oc-59"/>
      </symbol>
      <symbol id="sm-860">
         <name>__aeabi_memcpy4</name>
         <value>0x9690</value>
         <object_component_ref idref="oc-59"/>
      </symbol>
      <symbol id="sm-9b3">
         <name>__TI_printfi</name>
         <value>0x3eb4</value>
         <object_component_ref idref="oc-23b"/>
      </symbol>
      <symbol id="sm-9c6">
         <name>atoi</name>
         <value>0xb26c</value>
         <object_component_ref idref="oc-2c5"/>
      </symbol>
      <symbol id="sm-9d1">
         <name>_ctypes_</name>
         <value>0xc16c</value>
         <object_component_ref idref="oc-350"/>
      </symbol>
      <symbol id="sm-9e6">
         <name>__TI_tmpnams</name>
         <value>0x8002428</value>
      </symbol>
      <symbol id="sm-9e7">
         <name>__aeabi_stdout</name>
         <value>0x80026bc</value>
         <object_component_ref idref="oc-4a9"/>
      </symbol>
      <symbol id="sm-9e8">
         <name>__aeabi_stderr</name>
         <value>0x80026c0</value>
         <object_component_ref idref="oc-4a9"/>
      </symbol>
      <symbol id="sm-9e9">
         <name>__aeabi_stdin</name>
         <value>0x80026b8</value>
         <object_component_ref idref="oc-4a9"/>
      </symbol>
      <symbol id="sm-9ea">
         <name>_ftable</name>
         <value>0x80024ec</value>
         <object_component_ref idref="oc-244"/>
      </symbol>
      <symbol id="sm-9eb">
         <name>__TI_ft_end</name>
         <value>0x80026b4</value>
         <object_component_ref idref="oc-4a9"/>
      </symbol>
      <symbol id="sm-a01">
         <name>putc</name>
         <value>0xa0dc</value>
         <object_component_ref idref="oc-321"/>
      </symbol>
      <symbol id="sm-a02">
         <name>fputc</name>
         <value>0xa0dc</value>
         <object_component_ref idref="oc-321"/>
      </symbol>
      <symbol id="sm-a1e">
         <name>fputs</name>
         <value>0x935c</value>
         <object_component_ref idref="oc-31a"/>
      </symbol>
      <symbol id="sm-a2c">
         <name>ltoa</name>
         <value>0xb2f0</value>
         <object_component_ref idref="oc-36b"/>
      </symbol>
      <symbol id="sm-a3b">
         <name>memccpy</name>
         <value>0xbc6c</value>
         <object_component_ref idref="oc-2ee"/>
      </symbol>
      <symbol id="sm-a4a">
         <name>memchr</name>
         <value>0xbc98</value>
         <object_component_ref idref="oc-3ce"/>
      </symbol>
      <symbol id="sm-a58">
         <name>strchr</name>
         <value>0xbcc4</value>
         <object_component_ref idref="oc-39d"/>
      </symbol>
      <symbol id="sm-a66">
         <name>strlen</name>
         <value>0xbd5c</value>
         <object_component_ref idref="oc-2bf"/>
      </symbol>
      <symbol id="sm-a8c">
         <name>_stream</name>
         <value>0x8002654</value>
         <object_component_ref idref="oc-435"/>
      </symbol>
      <symbol id="sm-a8d">
         <name>_device</name>
         <value>0x80025dc</value>
         <object_component_ref idref="oc-477"/>
      </symbol>
      <symbol id="sm-a8e">
         <name>write</name>
         <value>0xbbb8</value>
         <object_component_ref idref="oc-3da"/>
      </symbol>
      <symbol id="sm-aa4">
         <name>__aeabi_errno_addr</name>
         <value>0xbdb8</value>
         <object_component_ref idref="oc-2fa"/>
      </symbol>
      <symbol id="sm-aa5">
         <name>errno</name>
         <value>0x80026ec</value>
         <object_component_ref idref="oc-3ad"/>
      </symbol>
      <symbol id="sm-abd">
         <name>wcslen</name>
         <value>0xbd38</value>
         <object_component_ref idref="oc-2f4"/>
      </symbol>
      <symbol id="sm-ada">
         <name>frexpl</name>
         <value>0xb3ec</value>
         <object_component_ref idref="oc-391"/>
      </symbol>
      <symbol id="sm-adb">
         <name>frexp</name>
         <value>0xb3ec</value>
         <object_component_ref idref="oc-391"/>
      </symbol>
      <symbol id="sm-af7">
         <name>scalbn</name>
         <value>0x9ea4</value>
         <object_component_ref idref="oc-397"/>
      </symbol>
      <symbol id="sm-af8">
         <name>scalbnl</name>
         <value>0x9ea4</value>
         <object_component_ref idref="oc-397"/>
      </symbol>
      <symbol id="sm-af9">
         <name>ldexpl</name>
         <value>0x9ea4</value>
         <object_component_ref idref="oc-397"/>
      </symbol>
      <symbol id="sm-afa">
         <name>ldexp</name>
         <value>0x9ea4</value>
         <object_component_ref idref="oc-397"/>
      </symbol>
      <symbol id="sm-b16">
         <name>__aeabi_uldivmod</name>
         <value>0x8438</value>
         <object_component_ref idref="oc-355"/>
      </symbol>
      <symbol id="sm-b21">
         <name>__aeabi_dmul</name>
         <value>0x9d7c</value>
         <object_component_ref idref="oc-361"/>
      </symbol>
      <symbol id="sm-b2b">
         <name>__aeabi_d2iz</name>
         <value>0xb74c</value>
         <object_component_ref idref="oc-366"/>
      </symbol>
      <symbol id="sm-b35">
         <name>__aeabi_i2d</name>
         <value>0xbbfc</value>
         <object_component_ref idref="oc-371"/>
      </symbol>
      <symbol id="sm-b41">
         <name>__aeabi_idivmod</name>
         <value>0xb9ac</value>
         <object_component_ref idref="oc-3f4"/>
      </symbol>
      <symbol id="sm-b42">
         <name>__aeabi_idiv</name>
         <value>0xb9ac</value>
         <object_component_ref idref="oc-3f4"/>
      </symbol>
      <symbol id="sm-b4e">
         <name>__aeabi_uidivmod</name>
         <value>0xba00</value>
         <object_component_ref idref="oc-35a"/>
      </symbol>
      <symbol id="sm-b4f">
         <name>__aeabi_uidiv</name>
         <value>0xba00</value>
         <object_component_ref idref="oc-35a"/>
      </symbol>
      <symbol id="sm-b66">
         <name>__TI_wrt_ok</name>
         <value>0xacb0</value>
         <object_component_ref idref="oc-3c8"/>
      </symbol>
      <symbol id="sm-b76">
         <name>__TI_doflush</name>
         <value>0xb164</value>
         <object_component_ref idref="oc-3d4"/>
      </symbol>
      <symbol id="sm-b88">
         <name>fseek</name>
         <value>0xaabc</value>
         <object_component_ref idref="oc-423"/>
      </symbol>
      <symbol id="sm-b98">
         <name>lseek</name>
         <value>0xbb74</value>
         <object_component_ref idref="oc-450"/>
      </symbol>
      <symbol id="sm-bb2">
         <name>setvbuf</name>
         <value>0x9ad4</value>
         <object_component_ref idref="oc-429"/>
      </symbol>
      <symbol id="sm-bc3">
         <name>HOSTclose</name>
         <value>0xb468</value>
         <object_component_ref idref="oc-4b5"/>
      </symbol>
      <symbol id="sm-bd4">
         <name>HOSTlseek</name>
         <value>0xaa10</value>
         <object_component_ref idref="oc-4c7"/>
      </symbol>
      <symbol id="sm-be6">
         <name>parmbuf</name>
         <value>0x80024e4</value>
      </symbol>
      <symbol id="sm-be7">
         <name>HOSTopen</name>
         <value>0xadec</value>
         <object_component_ref idref="oc-4af"/>
      </symbol>
      <symbol id="sm-bf8">
         <name>HOSTread</name>
         <value>0xafb4</value>
         <object_component_ref idref="oc-4bb"/>
      </symbol>
      <symbol id="sm-c09">
         <name>HOSTrename</name>
         <value>0xac0c</value>
         <object_component_ref idref="oc-4d3"/>
      </symbol>
      <symbol id="sm-c1a">
         <name>HOSTunlink</name>
         <value>0xb4dc</value>
         <object_component_ref idref="oc-4cd"/>
      </symbol>
      <symbol id="sm-c2b">
         <name>HOSTwrite</name>
         <value>0xb044</value>
         <object_component_ref idref="oc-4c1"/>
      </symbol>
      <symbol id="sm-c4e">
         <name>__TI_readmsg</name>
         <value>0xb8b0</value>
         <object_component_ref idref="oc-4f9"/>
      </symbol>
      <symbol id="sm-c4f">
         <name>C$$IO$$</name>
         <value>0xb94c</value>
         <object_component_ref idref="oc-4f3"/>
      </symbol>
      <symbol id="sm-c50">
         <name>__CIOBUF_</name>
         <value>0x80021f0</value>
         <object_component_ref idref="oc-521"/>
      </symbol>
      <symbol id="sm-c51">
         <name>__TI_writemsg</name>
         <value>0xb904</value>
         <object_component_ref idref="oc-4f3"/>
      </symbol>
      <symbol id="sm-c5b">
         <name>copysign</name>
         <value>0xbdc4</value>
         <object_component_ref idref="oc-407"/>
      </symbol>
      <symbol id="sm-c5c">
         <name>copysignl</name>
         <value>0xbdc4</value>
         <object_component_ref idref="oc-407"/>
      </symbol>
      <symbol id="sm-c66">
         <name>__aeabi_idiv0</name>
         <value>0xbde8</value>
         <object_component_ref idref="oc-3ec"/>
      </symbol>
      <symbol id="sm-c67">
         <name>__aeabi_ldiv0</name>
         <value>0xbde8</value>
         <object_component_ref idref="oc-3ec"/>
      </symbol>
      <symbol id="sm-cdb">
         <name>_sys_memory</name>
         <value>0x8001500</value>
         <object_component_ref idref="oc-4b"/>
      </symbol>
      <symbol id="sm-cdc">
         <name>free</name>
         <value>0x9810</value>
         <object_component_ref idref="oc-458"/>
      </symbol>
      <symbol id="sm-cdd">
         <name>malloc</name>
         <value>0xa650</value>
         <object_component_ref idref="oc-45e"/>
      </symbol>
      <symbol id="sm-cde">
         <name>minit</name>
         <value>0xb6f0</value>
         <object_component_ref idref="oc-48c"/>
      </symbol>
      <symbol id="sm-ced">
         <name>__TI_cleanup</name>
         <value>0xb85c</value>
         <object_component_ref idref="oc-464"/>
      </symbol>
      <symbol id="sm-cfc">
         <name>strcpy</name>
         <value>0xbd7c</value>
         <object_component_ref idref="oc-50d"/>
      </symbol>
      <symbol id="sm-d11">
         <name>__TI_closefile</name>
         <value>0xa8a8</value>
         <object_component_ref idref="oc-4a3"/>
      </symbol>
      <symbol id="sm-d33">
         <name>finddevice</name>
         <value>0xb958</value>
         <object_component_ref idref="oc-53f"/>
      </symbol>
      <symbol id="sm-d34">
         <name>getdevice</name>
         <value>0xb54c</value>
         <object_component_ref idref="oc-517"/>
      </symbol>
      <symbol id="sm-d43">
         <name>strcmp</name>
         <value>0xbcec</value>
         <object_component_ref idref="oc-556"/>
      </symbol>
      <symbol id="sm-d52">
         <name>strncpy</name>
         <value>0xbae4</value>
         <object_component_ref idref="oc-539"/>
      </symbol>
      <symbol id="sm-d62">
         <name>unlink</name>
         <value>0xbb2c</value>
         <object_component_ref idref="oc-4e8"/>
      </symbol>
      <symbol id="sm-d76">
         <name>close</name>
         <value>0xaf1c</value>
         <object_component_ref idref="oc-4e2"/>
      </symbol>
      <symbol id="sm-d77">
         <name>__TI_static_base__</name>
         <value>0x0</value>
      </symbol>
      <symbol id="sm-d7a">
         <name>SHT$$INIT_ARRAY$$Base</name>
         <value>0x0</value>
      </symbol>
      <symbol id="sm-d7b">
         <name>SHT$$INIT_ARRAY$$Limit</name>
         <value>0x0</value>
      </symbol>
      <symbol id="sm-d7c">
         <name>_system_post_cinit</name>
         <value>0x0</value>
      </symbol>
      <symbol id="sm-d7d">
         <name>remove</name>
         <value>0xbb2c</value>
      </symbol>
   </symbol_table>
   <title>Link successful</title>
</link_info>
